 oracledb

 Timestamp is 5a5dd3cc (Tue Jan 16 13:28:28 2018)

 Preferred load address is 10000000

 Start         Length     Name                   Class
 0001:00000000 0000004cH .text$di                CODE
 0001:00000050 000345adH .text$mn                CODE
 0001:00034600 00000f9bH .text$x                 CODE
 0001:000355a0 00000041H .text$yd                CODE
 0002:00000000 00000134H .idata$5                DATA
 0002:00000134 00000004H .CRT$XCA                DATA
 0002:00000138 0000001cH .CRT$XCU                DATA
 0002:00000154 00000004H .CRT$XCZ                DATA
 0002:00000158 00000004H .CRT$XIA                DATA
 0002:0000015c 00000010H .CRT$XIC                DATA
 0002:0000016c 00000004H .CRT$XIZ                DATA
 0002:00000170 00000004H .CRT$XPA                DATA
 0002:00000174 00000008H .CRT$XPX                DATA
 0002:0000017c 00000004H .CRT$XPXA               DATA
 0002:00000180 00000004H .CRT$XPZ                DATA
 0002:00000184 00000004H .CRT$XTA                DATA
 0002:00000188 00000004H .CRT$XTZ                DATA
 0002:00000190 00009fe0H .rdata                  DATA
 0002:0000a170 00000078H .rdata$debug            DATA
 0002:0000a1e8 00000214H .rdata$r                DATA
 0002:0000a400 00000134H .rdata$sxdata           DATA
 0002:0000a534 00000004H .rtc$IAA                DATA
 0002:0000a538 00000004H .rtc$IZZ                DATA
 0002:0000a53c 00000004H .rtc$TAA                DATA
 0002:0000a540 00000004H .rtc$TZZ                DATA
 0002:0000a548 0000155cH .xdata$x                DATA
 0002:0000baa4 00000020H .didat$2                DATA
 0002:0000bac4 00000020H .didat$3                DATA
 0002:0000bae4 00000168H .didat$4                DATA
 0002:0000bc4c 00001600H .didat$6                DATA
 0002:0000d24c 00000168H .didat$7                DATA
 0002:0000d3c0 00000054H .edata                  DATA
 0002:0000d414 00000014H .idata$2                DATA
 0002:0000d428 00000014H .idata$3                DATA
 0002:0000d43c 00000134H .idata$4                DATA
 0002:0000d570 00000584H .idata$6                DATA
 0003:00000000 000013c0H .data                   DATA
 0003:000013c0 000000d0H .data$r                 DATA
 0003:00001490 00000168H .didat$5                DATA
 0003:00001600 00002dc8H .bss                    DATA
 0004:00000000 00000058H .rsrc$01                DATA
 0004:00000060 00000180H .rsrc$02                DATA

  Address         Publics by Value              Rva+Base       Lib:Object

 0000:00000000       ___guard_fids_count        00000000     <absolute>
 0000:00000000       __except_list              00000000     <absolute>
 0000:00000000       ___guard_flags             00000000     <absolute>
 0000:00000000       ___guard_fids_table        00000000     <absolute>
 0000:0000004d       ___safe_se_handler_count   0000004d     <absolute>
 0000:00000000       ___ImageBase               10000000     <linker-defined>
 0001:00000050       ?convert@?$ToFactory@I@imp@Nan@@SA?AV?$Maybe@I@v8@@V?$Local@VValue@v8@@@5@@Z 10001050 f i njsCommon.obj
 0001:000000e0       ?convert@?$ToFactory@H@imp@Nan@@SA?AV?$Maybe@H@v8@@V?$Local@VValue@v8@@@5@@Z 100010e0 f i njsCommon.obj
 0001:00000170       ??1HandleScope@Nan@@QAE@XZ 10001170 f i njsCommon.obj
 0001:00000170       ??1EscapableHandleScope@Nan@@QAE@XZ 10001170 f i njsCommon.obj
 0001:00000180       ?ThrowError@Nan@@YAXPBD@Z  10001180 f i njsCommon.obj
 0001:00000230       ??1?$Persistent@VFunction@v8@@V?$NonCopyablePersistentTraits@VFunction@v8@@@2@@Nan@@QAE@XZ 10001230 f i njsCommon.obj
 0001:00000230       ??1?$Persistent@VObject@v8@@V?$NonCopyablePersistentTraits@VObject@v8@@@2@@Nan@@QAE@XZ 10001230 f i njsCommon.obj
 0001:00000230       ??1?$Persistent@VArray@v8@@V?$NonCopyablePersistentTraits@VArray@v8@@@2@@Nan@@QAE@XZ 10001230 f i njsOracle.obj
 0001:00000240       ??0njsBaton@@QAE@V?$Local@VFunction@v8@@@v8@@V?$Local@VObject@v8@@@2@@Z 10001240 f i njsCommon.obj
 0001:00000550       ??1njsProtoILob@@QAE@XZ    10001550 f i njsCommon.obj
 0001:00000580       ??1njsVariable@@QAE@XZ     10001580 f   njsCommon.obj
 0001:00000660       ?DataType@njsVariable@@QAE?AW4njsDataType@@XZ 10001660 f   njsCommon.obj
 0001:000006e0       ?DBType@njsVariable@@QAE?AW4njsDBType@@XZ 100016e0 f   njsCommon.obj
 0001:000007d0       ??1njsBaton@@QAE@XZ        100017d0 f   njsCommon.obj
 0001:00000980       ?CheckJSException@njsBaton@@QAEXPAVTryCatch@Nan@@@Z 10001980 f   njsCommon.obj
 0001:00000ad0       ?ClearAsyncData@njsBaton@@QAEXXZ 10001ad0 f   njsCommon.obj
 0001:00000cc0       ??1?$basic_string@DU?$char_traits@D@std@@V?$allocator@D@2@@std@@QAE@XZ 10001cc0 f i njsCommon.obj
 0001:00000cc0       ??1njsFetchInfo@@QAE@XZ    10001cc0 f i njsCommon.obj
 0001:00000cf0       ?GetOracledb@njsBaton@@QAEPAVnjsOracledb@@XZ 10001cf0 f   njsCommon.obj
 0001:00000d80       ?AsyncWorkCallback@njsBaton@@CAXPAUuv_work_s@@@Z 10001d80 f   njsCommon.obj
 0001:00000da0       ?AsyncAfterWorkCallback@njsBaton@@CAXPAUuv_work_s@@H@Z 10001da0 f   njsCommon.obj
 0001:00001010       ??1TryCatch@Nan@@QAE@XZ    10002010 f i njsCommon.obj
 0001:00001020       ?GetDPIError@njsBaton@@QAEXXZ 10002020 f   njsCommon.obj
 0001:000010a0       ?SetDPIPoolHandle@njsBaton@@QAEXPAUdpiPool@@@Z 100020a0 f   njsCommon.obj
 0001:000010a0       ?SetDPIConnHandle@njsBaton@@QAEXPAUdpiConn@@@Z 100020a0 f   njsCommon.obj
 0001:000010a0       ?SetDPILobHandle@njsBaton@@QAEXPAUdpiLob@@@Z 100020a0 f   njsCommon.obj
 0001:000010a0       ?SetDPIStmtHandle@njsBaton@@QAEXPAUdpiStmt@@@Z 100020a0 f   njsCommon.obj
 0001:00001170       ?GetBoolFromJSON@njsBaton@@QAE_NV?$Local@VObject@v8@@@v8@@PBDHPA_N@Z 10002170 f   njsCommon.obj
 0001:000012e0       ?GetIntFromJSON@njsBaton@@QAE_NV?$Local@VObject@v8@@@v8@@PBDHPAH@Z 100022e0 f   njsCommon.obj
 0001:000014a0       ?GetPositiveIntFromJSON@njsBaton@@QAE_NV?$Local@VObject@v8@@@v8@@PBDHPAI@Z 100024a0 f   njsCommon.obj
 0001:00001570       ?GetStringFromJSON@njsBaton@@QAE_NV?$Local@VObject@v8@@@v8@@PBDHAAV?$basic_string@DU?$char_traits@D@std@@V?$allocator@D@2@@std@@@Z 10002570 f   njsCommon.obj
 0001:00001780       ?GetUnsignedIntFromJSON@njsBaton@@QAE_NV?$Local@VObject@v8@@@v8@@PBDHPAI@Z 10002780 f   njsCommon.obj
 0001:00001920       ?QueueWork@njsBaton@@QAEXPBDP6AXPAV1@@ZP6AX1QAV?$Local@VValue@v8@@@v8@@@ZI@Z 10002920 f   njsCommon.obj
 0001:00001a20       ?CreateBaton@njsCommon@@IAEPAVnjsBaton@@ABV?$FunctionCallbackInfo@VValue@v8@@@Nan@@@Z 10002a20 f   njsCommon.obj
 0001:00001bc0       ?GetObjectArg@njsCommon@@IAE_NABV?$FunctionCallbackInfo@VValue@v8@@@Nan@@HAAV?$Local@VObject@v8@@@v8@@@Z 10002bc0 f   njsCommon.obj
 0001:00001ce0       ?GetStringArg@njsCommon@@IAE_NABV?$FunctionCallbackInfo@VValue@v8@@@Nan@@HAAV?$basic_string@DU?$char_traits@D@std@@V?$allocator@D@2@@std@@@Z 10002ce0 f   njsCommon.obj
 0001:00001eb0       ?GetUnsignedIntArg@njsCommon@@IAE_NABV?$FunctionCallbackInfo@VValue@v8@@@Nan@@HPAI@Z 10002eb0 f   njsCommon.obj
 0001:00001fa0       ?SetPropBool@njsCommon@@IAE_NV?$Local@VValue@v8@@@v8@@PA_NPBD@Z 10002fa0 f   njsCommon.obj
 0001:00002070       ?SetPropInt@njsCommon@@IAE_NV?$Local@VValue@v8@@@v8@@PAHPBD@Z 10003070 f   njsCommon.obj
 0001:00002140       ?SetPropPositiveInt@njsCommon@@IAE_NV?$Local@VValue@v8@@@v8@@PAIPBD@Z 10003140 f   njsCommon.obj
 0001:00002210       ?SetPropString@njsCommon@@IAE_NV?$Local@VValue@v8@@@v8@@PAV?$basic_string@DU?$char_traits@D@std@@V?$allocator@D@2@@std@@PBD@Z 10003210 f   njsCommon.obj
 0001:00002390       ?SetPropUnsignedInt@njsCommon@@IAE_NV?$Local@VValue@v8@@@v8@@PAIPBD@Z 10003390 f   njsCommon.obj
 0001:00002460       ?Validate@njsCommon@@KA_NPAV1@@Z 10003460 f   njsCommon.obj
 0001:00002580       ?ValidateArgs@njsCommon@@KAPAV1@ABV?$FunctionCallbackInfo@VValue@v8@@@Nan@@HH@Z 10003580 f   njsCommon.obj
 0001:000026a0       ??0?$basic_string@DU?$char_traits@D@std@@V?$allocator@D@2@@std@@QAE@PBDI@Z 100036a0 f i njsCommon.obj
 0001:000026d0       ??4?$basic_string@DU?$char_traits@D@std@@V?$allocator@D@2@@std@@QAEAAV01@$$QAV01@@Z 100036d0 f i njsCommon.obj
 0001:00002710       ?_Assign_rv@?$basic_string@DU?$char_traits@D@std@@V?$allocator@D@2@@std@@QAEX$$QAV12@@Z 10003710 f i njsCommon.obj
 0001:00002770       ?assign@?$basic_string@DU?$char_traits@D@std@@V?$allocator@D@2@@std@@QAEAAV12@ABV12@II@Z 10003770 f i njsCommon.obj
 0001:00002880       ?assign@?$basic_string@DU?$char_traits@D@std@@V?$allocator@D@2@@std@@QAEAAV12@PBDI@Z 10003880 f i njsCommon.obj
 0001:00002980       ?erase@?$basic_string@DU?$char_traits@D@std@@V?$allocator@D@2@@std@@QAEAAV12@II@Z 10003980 f i njsCommon.obj
 0001:00002a20       ?_Grow@?$basic_string@DU?$char_traits@D@std@@V?$allocator@D@2@@std@@QAE_NI_N@Z 10003a20 f i njsCommon.obj
 0001:00002ad0       ?_Copy@?$basic_string@DU?$char_traits@D@std@@V?$allocator@D@2@@std@@QAEXII@Z 10003ad0 f i njsCommon.obj
 0001:00002b90       ??$New@VString@v8@@V?$basic_string@DU?$char_traits@D@std@@V?$allocator@D@2@@std@@@Nan@@YA?AV?$MaybeLocal@VString@v8@@@v8@@V?$basic_string@DU?$char_traits@D@std@@V?$allocator@D@2@@std@@@Z 10003b90 f i njsCommon.obj
 0001:00002c30       ??$New@VFunction@v8@@V?$NonCopyablePersistentTraits@VFunction@v8@@@2@@Nan@@YA?AV?$Local@VFunction@v8@@@v8@@ABV?$Persistent@VFunction@v8@@V?$NonCopyablePersistentTraits@VFunction@v8@@@2@@0@@Z 10003c30 f i njsCommon.obj
 0001:00002c30       ??$New@VObject@v8@@V?$NonCopyablePersistentTraits@VObject@v8@@@2@@Nan@@YA?AV?$Local@VObject@v8@@@v8@@ABV?$Persistent@VObject@v8@@V?$NonCopyablePersistentTraits@VObject@v8@@@2@@0@@Z 10003c30 f i njsCommon.obj
 0001:00002c60       ??$Reset@VObject@v8@@@?$Persistent@VObject@v8@@V?$NonCopyablePersistentTraits@VObject@v8@@@2@@Nan@@QAEXABV?$PersistentBase@VObject@v8@@@v8@@@Z 10003c60 f i njsPool.obj
 0001:00002c60       ??$Reset@VObject@v8@@@?$Persistent@VObject@v8@@V?$NonCopyablePersistentTraits@VObject@v8@@@2@@Nan@@QAEXABV?$Local@VObject@v8@@@v8@@@Z 10003c60 f i njsCommon.obj
 0001:00002ca0       ??$Unwrap@VnjsConnection@@@ObjectWrap@Nan@@SAPAVnjsConnection@@V?$Local@VObject@v8@@@v8@@@Z 10003ca0 f i njsConnection.obj
 0001:00002ca0       ??$Unwrap@VnjsCommon@@@ObjectWrap@Nan@@SAPAVnjsCommon@@V?$Local@VObject@v8@@@v8@@@Z 10003ca0 f i njsCommon.obj
 0001:00002ca0       ??$Unwrap@VnjsILob@@@ObjectWrap@Nan@@SAPAVnjsILob@@V?$Local@VObject@v8@@@v8@@@Z 10003ca0 f i njsIntLob.obj
 0001:00002ca0       ??$Unwrap@VnjsResultSet@@@ObjectWrap@Nan@@SAPAVnjsResultSet@@V?$Local@VObject@v8@@@v8@@@Z 10003ca0 f i njsResultSet.obj
 0001:00002ca0       ??$Unwrap@VnjsOracledb@@@ObjectWrap@Nan@@SAPAVnjsOracledb@@V?$Local@VObject@v8@@@v8@@@Z 10003ca0 f i njsCommon.obj
 0001:00002ca0       ??$Unwrap@VnjsPool@@@ObjectWrap@Nan@@SAPAVnjsPool@@V?$Local@VObject@v8@@@v8@@@Z 10003ca0 f i njsPool.obj
 0001:00002f50       ?NewInstance@Nan@@YA?AV?$MaybeLocal@VObject@v8@@@v8@@V?$Local@VObjectTemplate@v8@@@3@@Z 10003f50 f i njsOracle.obj
 0001:00003000       ?Set@Nan@@YA?AV?$Maybe@_N@v8@@V?$Local@VObject@v8@@@3@V?$Local@VValue@v8@@@3@1@Z 10004000 f i njsOracle.obj
 0001:00003090       ?New@?$Factory@VFunctionTemplate@v8@@@imp@Nan@@SA?AV?$Local@VFunctionTemplate@v8@@@v8@@P6AXABV?$FunctionCallbackInfo@VValue@v8@@@3@@ZV?$Local@VValue@v8@@@5@V?$Local@VSignature@v8@@@5@@Z 10004090 f i njsOracle.obj
 0001:000031f0       ?SetPrototypeMethod@Nan@@YAXV?$Local@VFunctionTemplate@v8@@@v8@@PBDP6AXABV?$FunctionCallbackInfo@VValue@v8@@@1@@Z@Z 100041f0 f i njsOracle.obj
 0001:000032e0       ?SetAccessor@Nan@@YAXV?$Local@VObjectTemplate@v8@@@v8@@V?$Local@VString@v8@@@3@P6AX1ABV?$PropertyCallbackInfo@VValue@v8@@@1@@ZP6AX1V?$Local@VValue@v8@@@3@ABV?$PropertyCallbackInfo@X@1@@Z4W4AccessControl@3@W4PropertyAttribute@3@V?$Local@VAccessorSignature@v8@@@3@@Z 100042e0 f i njsOracle.obj
 0001:00003430       ??1ObjectWrap@Nan@@UAE@XZ  10004430 f i njsOracle.obj
 0001:000034d0       ?Wrap@ObjectWrap@Nan@@IAEXV?$Local@VObject@v8@@@v8@@@Z 100044d0 f i njsOracle.obj
 0001:00003580       ?Ref@ObjectWrap@Nan@@MAEXXZ 10004580 f i njsOracle.obj
 0001:000035b0       ?Unref@ObjectWrap@Nan@@MAEXXZ 100045b0 f i njsOracle.obj
 0001:00003640       ?WeakCallback@ObjectWrap@Nan@@CAXABV?$WeakCallbackInfo@VObjectWrap@Nan@@@v8@@@Z 10004640 f i njsOracle.obj
 0001:000036b0       ??_GObjectWrap@Nan@@UAEPAXI@Z 100046b0 f i njsOracle.obj
 0001:000036b0       ??_EObjectWrap@Nan@@UAEPAXI@Z 100046b0 f i * CIL library *:* CIL module *
 0001:000036d0       ?IsValid@njsOracledb@@UBE_NXZ 100046d0 f i njsOracle.obj
 0001:000036e0       ?GetInvalidErrorType@njsOracledb@@UBE?AW4njsErrorType@@XZ 100046e0 f i njsOracle.obj
 0001:000036e0       __matherr                  100046e0 f i LIBCMT:matherr.obj
 0001:000036f0       ??1njsOracledb@@EAE@XZ     100046f0 f i njsOracle.obj
 0001:000037a0       ??_GnjsOracledb@@EAEPAXI@Z 100047a0 f i njsOracle.obj
 0001:000037a0       ??_EnjsOracledb@@EAEPAXI@Z 100047a0 f i * CIL library *:* CIL module *
 0001:000037c0       ??1njsCommon@@UAE@XZ       100047c0 f i njsOracle.obj
 0001:000037d0       ??0njsOracledb@@AAE@XZ     100047d0 f   njsOracle.obj
 0001:000038c0       ?Init@njsOracledb@@SAXV?$Local@VObject@v8@@@v8@@@Z 100048c0 f   njsOracle.obj
 0001:00004040       ?New@njsOracledb@@CAXABV?$FunctionCallbackInfo@VValue@v8@@@Nan@@@Z 10005040 f   njsOracle.obj
 0001:00004150       ?GetChunkSize@njsILob@@CAXV?$Local@VString@v8@@@v8@@ABV?$PropertyCallbackInfo@VValue@v8@@@Nan@@@Z 10005150 f   njsIntLob.obj
 0001:00004150       ?GetPoolMin@njsOracledb@@CAXV?$Local@VString@v8@@@v8@@ABV?$PropertyCallbackInfo@VValue@v8@@@Nan@@@Z 10005150 f   njsOracle.obj
 0001:00004150       ?GetPoolTimeout@njsPool@@CAXV?$Local@VString@v8@@@v8@@ABV?$PropertyCallbackInfo@VValue@v8@@@Nan@@@Z 10005150 f   njsPool.obj
 0001:000041a0       ?SetPoolMin@njsOracledb@@CAXV?$Local@VString@v8@@@v8@@V?$Local@VValue@v8@@@3@ABV?$PropertyCallbackInfo@X@Nan@@@Z 100051a0 f   njsOracle.obj
 0001:000041e0       ?GetPoolMax@njsOracledb@@CAXV?$Local@VString@v8@@@v8@@ABV?$PropertyCallbackInfo@VValue@v8@@@Nan@@@Z 100051e0 f   njsOracle.obj
 0001:000041e0       ?GetStmtCacheSize@njsPool@@CAXV?$Local@VString@v8@@@v8@@ABV?$PropertyCallbackInfo@VValue@v8@@@Nan@@@Z 100051e0 f   njsPool.obj
 0001:00004230       ?SetPoolMax@njsOracledb@@CAXV?$Local@VString@v8@@@v8@@V?$Local@VValue@v8@@@3@ABV?$PropertyCallbackInfo@X@Nan@@@Z 10005230 f   njsOracle.obj
 0001:00004270       ?GetPoolIncrement@njsOracledb@@CAXV?$Local@VString@v8@@@v8@@ABV?$PropertyCallbackInfo@VValue@v8@@@Nan@@@Z 10005270 f   njsOracle.obj
 0001:000042c0       ?SetPoolIncrement@njsOracledb@@CAXV?$Local@VString@v8@@@v8@@V?$Local@VValue@v8@@@3@ABV?$PropertyCallbackInfo@X@Nan@@@Z 100052c0 f   njsOracle.obj
 0001:00004300       ?GetPoolPingInterval@njsOracledb@@CAXV?$Local@VString@v8@@@v8@@ABV?$PropertyCallbackInfo@VValue@v8@@@Nan@@@Z 10005300 f   njsOracle.obj
 0001:00004370       ?SetPoolPingInterval@njsOracledb@@CAXV?$Local@VString@v8@@@v8@@V?$Local@VValue@v8@@@3@ABV?$PropertyCallbackInfo@X@Nan@@@Z 10005370 f   njsOracle.obj
 0001:000043b0       ?GetPoolTimeout@njsOracledb@@CAXV?$Local@VString@v8@@@v8@@ABV?$PropertyCallbackInfo@VValue@v8@@@Nan@@@Z 100053b0 f   njsOracle.obj
 0001:000043b0       ?GetOffset@njsILob@@CAXV?$Local@VString@v8@@@v8@@ABV?$PropertyCallbackInfo@VValue@v8@@@Nan@@@Z 100053b0 f   njsIntLob.obj
 0001:00004400       ?SetPoolTimeout@njsOracledb@@CAXV?$Local@VString@v8@@@v8@@V?$Local@VValue@v8@@@3@ABV?$PropertyCallbackInfo@X@Nan@@@Z 10005400 f   njsOracle.obj
 0001:00004440       ?GetPoolMin@njsPool@@CAXV?$Local@VString@v8@@@v8@@ABV?$PropertyCallbackInfo@VValue@v8@@@Nan@@@Z 10005440 f   njsPool.obj
 0001:00004440       ?GetMaxRows@njsOracledb@@CAXV?$Local@VString@v8@@@v8@@ABV?$PropertyCallbackInfo@VValue@v8@@@Nan@@@Z 10005440 f   njsOracle.obj
 0001:00004490       ?SetMaxRows@njsOracledb@@CAXV?$Local@VString@v8@@@v8@@V?$Local@VValue@v8@@@3@ABV?$PropertyCallbackInfo@X@Nan@@@Z 10005490 f   njsOracle.obj
 0001:000044d0       ?GetOutFormat@njsOracledb@@CAXV?$Local@VString@v8@@@v8@@ABV?$PropertyCallbackInfo@VValue@v8@@@Nan@@@Z 100054d0 f   njsOracle.obj
 0001:00004520       ?SetOutFormat@njsOracledb@@CAXV?$Local@VString@v8@@@v8@@V?$Local@VValue@v8@@@3@ABV?$PropertyCallbackInfo@X@Nan@@@Z 10005520 f   njsOracle.obj
 0001:00004560       ?GetPoolMax@njsPool@@CAXV?$Local@VString@v8@@@v8@@ABV?$PropertyCallbackInfo@VValue@v8@@@Nan@@@Z 10005560 f   njsPool.obj
 0001:00004560       ?GetStmtCacheSize@njsOracledb@@CAXV?$Local@VString@v8@@@v8@@ABV?$PropertyCallbackInfo@VValue@v8@@@Nan@@@Z 10005560 f   njsOracle.obj
 0001:000045b0       ?SetStmtCacheSize@njsOracledb@@CAXV?$Local@VString@v8@@@v8@@V?$Local@VValue@v8@@@3@ABV?$PropertyCallbackInfo@X@Nan@@@Z 100055b0 f   njsOracle.obj
 0001:000045f0       ?GetPoolIncrement@njsPool@@CAXV?$Local@VString@v8@@@v8@@ABV?$PropertyCallbackInfo@VValue@v8@@@Nan@@@Z 100055f0 f   njsPool.obj
 0001:000045f0       ?GetFetchArraySize@njsOracledb@@CAXV?$Local@VString@v8@@@v8@@ABV?$PropertyCallbackInfo@VValue@v8@@@Nan@@@Z 100055f0 f   njsOracle.obj
 0001:000045f0       ?GetPieceSize@njsILob@@CAXV?$Local@VString@v8@@@v8@@ABV?$PropertyCallbackInfo@VValue@v8@@@Nan@@@Z 100055f0 f   njsIntLob.obj
 0001:00004640       ?SetFetchArraySize@njsOracledb@@CAXV?$Local@VString@v8@@@v8@@V?$Local@VValue@v8@@@3@ABV?$PropertyCallbackInfo@X@Nan@@@Z 10005640 f   njsOracle.obj
 0001:00004680       ?GetAutoCommit@njsOracledb@@CAXV?$Local@VString@v8@@@v8@@ABV?$PropertyCallbackInfo@VValue@v8@@@Nan@@@Z 10005680 f   njsOracle.obj
 0001:000046c0       ?SetAutoCommit@njsOracledb@@CAXV?$Local@VString@v8@@@v8@@V?$Local@VValue@v8@@@3@ABV?$PropertyCallbackInfo@X@Nan@@@Z 100056c0 f   njsOracle.obj
 0001:00004700       ?GetExtendedMetaData@njsOracledb@@CAXV?$Local@VString@v8@@@v8@@ABV?$PropertyCallbackInfo@VValue@v8@@@Nan@@@Z 10005700 f   njsOracle.obj
 0001:00004740       ?SetExtendedMetaData@njsOracledb@@CAXV?$Local@VString@v8@@@v8@@V?$Local@VValue@v8@@@3@ABV?$PropertyCallbackInfo@X@Nan@@@Z 10005740 f   njsOracle.obj
 0001:00004780       ?GetVersion@njsOracledb@@CAXV?$Local@VString@v8@@@v8@@ABV?$PropertyCallbackInfo@VValue@v8@@@Nan@@@Z 10005780 f   njsOracle.obj
 0001:00004790       ?SetOracleClientVersion@njsOracledb@@CAXV?$Local@VString@v8@@@v8@@V?$Local@VValue@v8@@@3@ABV?$PropertyCallbackInfo@X@Nan@@@Z 10005790 f   njsOracle.obj
 0001:00004790       ?SetVersion@njsOracledb@@CAXV?$Local@VString@v8@@@v8@@V?$Local@VValue@v8@@@3@ABV?$PropertyCallbackInfo@X@Nan@@@Z 10005790 f   njsOracle.obj
 0001:00004830       ?GetConnectionClass@njsOracledb@@CAXV?$Local@VString@v8@@@v8@@ABV?$PropertyCallbackInfo@VValue@v8@@@Nan@@@Z 10005830 f   njsOracle.obj
 0001:000048b0       ?SetConnectionClass@njsOracledb@@CAXV?$Local@VString@v8@@@v8@@V?$Local@VValue@v8@@@3@ABV?$PropertyCallbackInfo@X@Nan@@@Z 100058b0 f   njsOracle.obj
 0001:000048f0       ?GetExternalAuth@njsOracledb@@CAXV?$Local@VString@v8@@@v8@@ABV?$PropertyCallbackInfo@VValue@v8@@@Nan@@@Z 100058f0 f   njsOracle.obj
 0001:00004930       ?SetExternalAuth@njsOracledb@@CAXV?$Local@VString@v8@@@v8@@V?$Local@VValue@v8@@@3@ABV?$PropertyCallbackInfo@X@Nan@@@Z 10005930 f   njsOracle.obj
 0001:00004970       ?GetLobPrefetchSize@njsOracledb@@CAXV?$Local@VString@v8@@@v8@@ABV?$PropertyCallbackInfo@VValue@v8@@@Nan@@@Z 10005970 f   njsOracle.obj
 0001:000049c0       ?SetLobPrefetchSize@njsOracledb@@CAXV?$Local@VString@v8@@@v8@@V?$Local@VValue@v8@@@3@ABV?$PropertyCallbackInfo@X@Nan@@@Z 100059c0 f   njsOracle.obj
 0001:00004a00       ?GetFetchAsString@njsOracledb@@CAXV?$Local@VString@v8@@@v8@@ABV?$PropertyCallbackInfo@VValue@v8@@@Nan@@@Z 10005a00 f   njsOracle.obj
 0001:00004a80       ?SetFetchAsString@njsOracledb@@CAXV?$Local@VString@v8@@@v8@@V?$Local@VValue@v8@@@3@ABV?$PropertyCallbackInfo@X@Nan@@@Z 10005a80 f   njsOracle.obj
 0001:00004cd0       ?GetFetchAsBuffer@njsOracledb@@CAXV?$Local@VString@v8@@@v8@@ABV?$PropertyCallbackInfo@VValue@v8@@@Nan@@@Z 10005cd0 f   njsOracle.obj
 0001:00004d50       ?SetFetchAsBuffer@njsOracledb@@CAXV?$Local@VString@v8@@@v8@@V?$Local@VValue@v8@@@3@ABV?$PropertyCallbackInfo@X@Nan@@@Z 10005d50 f   njsOracle.obj
 0001:00004f20       ?GetOracleClientVersion@njsOracledb@@CAXV?$Local@VString@v8@@@v8@@ABV?$PropertyCallbackInfo@VValue@v8@@@Nan@@@Z 10005f20 f   njsOracle.obj
 0001:00005010       ?GetConnection@njsOracledb@@CAXABV?$FunctionCallbackInfo@VValue@v8@@@Nan@@@Z 10006010 f   njsOracle.obj
 0001:00005140       ?Async_GetConnection@njsOracledb@@CAXPAVnjsBaton@@@Z 10006140 f   njsOracle.obj
 0001:00005200       ?Async_AfterGetConnection@njsOracledb@@CAXPAVnjsBaton@@QAV?$Local@VValue@v8@@@v8@@@Z 10006200 f   njsOracle.obj
 0001:00005200       ?Async_AfterGetConnection@njsPool@@CAXPAVnjsBaton@@QAV?$Local@VValue@v8@@@v8@@@Z 10006200 f   njsPool.obj
 0001:00005220       ?CreatePool@njsOracledb@@CAXABV?$FunctionCallbackInfo@VValue@v8@@@Nan@@@Z 10006220 f   njsOracle.obj
 0001:000053f0       ?Async_CreatePool@njsOracledb@@CAXPAVnjsBaton@@@Z 100063f0 f   njsOracle.obj
 0001:000054f0       ?Async_AfterCreatePool@njsOracledb@@CAXPAVnjsBaton@@QAV?$Local@VValue@v8@@@v8@@@Z 100064f0 f   njsOracle.obj
 0001:00005510       ?SetFetchAsStringTypesOnBaton@njsOracledb@@QBEXPAVnjsBaton@@@Z 10006510 f   njsOracle.obj
 0001:00005620       ?SetFetchAsBufferTypesOnBaton@njsOracledb@@QBEXPAVnjsBaton@@@Z 10006620 f   njsOracle.obj
 0001:00005730       ?GetDPIError@njsOracledb@@SA?AV?$basic_string@DU?$char_traits@D@std@@V?$allocator@D@2@@std@@XZ 10006730 f   njsOracle.obj
 0001:00005830       ?Set@?$ReturnValue@VValue@v8@@@Nan@@QAEXI@Z 10006830 f i njsOracle.obj
 0001:000058a0       ?NewInstance@Nan@@YA?AV?$MaybeLocal@VObject@v8@@@v8@@V?$Local@VFunction@v8@@@3@@Z 100068a0 f i njsPool.obj
 0001:00005950       ?GetFunction@Nan@@YA?AV?$MaybeLocal@VFunction@v8@@@v8@@V?$Local@VFunctionTemplate@v8@@@3@@Z 10006950 f i njsPool.obj
 0001:00005a00       ?IsValid@njsConnection@@UBE_NXZ 10006a00 f i njsConnection.obj
 0001:00005a00       ?IsValid@njsILob@@UBE_NXZ  10006a00 f i njsIntLob.obj
 0001:00005a00       ?IsValid@njsPool@@UBE_NXZ  10006a00 f i njsPool.obj
 0001:00005a10       ?GetInvalidErrorType@njsPool@@UBE?AW4njsErrorType@@XZ 10006a10 f i njsPool.obj
 0001:00005a20       ??_EnjsPool@@EAEPAXI@Z     10006a20 f i * CIL library *:* CIL module *
 0001:00005a20       ??_GnjsPool@@EAEPAXI@Z     10006a20 f i njsPool.obj
 0001:00005ad0       ?Init@njsPool@@SAXV?$Local@VObject@v8@@@v8@@@Z 10006ad0 f   njsPool.obj
 0001:00005ed0       ?CreateFromBaton@njsPool@@SA?AV?$Local@VObject@v8@@@v8@@PAVnjsBaton@@@Z 10006ed0 f   njsPool.obj
 0001:00006040       ?New@njsPool@@CAXABV?$FunctionCallbackInfo@VValue@v8@@@Nan@@@Z 10007040 f   njsPool.obj
 0001:000060d0       ?GetConnectionsOpen@njsPool@@CAXV?$Local@VString@v8@@@v8@@ABV?$PropertyCallbackInfo@VValue@v8@@@Nan@@@Z 100070d0 f   njsPool.obj
 0001:000061c0       ?GetConnectionsInUse@njsPool@@CAXV?$Local@VString@v8@@@v8@@ABV?$PropertyCallbackInfo@VValue@v8@@@Nan@@@Z 100071c0 f   njsPool.obj
 0001:000062b0       ?GetPoolPingInterval@njsPool@@CAXV?$Local@VString@v8@@@v8@@ABV?$PropertyCallbackInfo@VValue@v8@@@Nan@@@Z 100072b0 f   njsPool.obj
 0001:00006320       ?SetPoolMin@njsPool@@CAXV?$Local@VString@v8@@@v8@@V?$Local@VValue@v8@@@3@ABV?$PropertyCallbackInfo@X@Nan@@@Z 10007320 f   njsPool.obj
 0001:000063c0       ?SetPoolMax@njsPool@@CAXV?$Local@VString@v8@@@v8@@V?$Local@VValue@v8@@@3@ABV?$PropertyCallbackInfo@X@Nan@@@Z 100073c0 f   njsPool.obj
 0001:00006460       ?SetPoolIncrement@njsPool@@CAXV?$Local@VString@v8@@@v8@@V?$Local@VValue@v8@@@3@ABV?$PropertyCallbackInfo@X@Nan@@@Z 10007460 f   njsPool.obj
 0001:00006500       ?SetPoolTimeout@njsPool@@CAXV?$Local@VString@v8@@@v8@@V?$Local@VValue@v8@@@3@ABV?$PropertyCallbackInfo@X@Nan@@@Z 10007500 f   njsPool.obj
 0001:000065a0       ?SetConnectionsOpen@njsPool@@CAXV?$Local@VString@v8@@@v8@@V?$Local@VValue@v8@@@3@ABV?$PropertyCallbackInfo@X@Nan@@@Z 100075a0 f   njsPool.obj
 0001:00006640       ?SetConnectionsInUse@njsPool@@CAXV?$Local@VString@v8@@@v8@@V?$Local@VValue@v8@@@3@ABV?$PropertyCallbackInfo@X@Nan@@@Z 10007640 f   njsPool.obj
 0001:000066e0       ?SetPoolPingInterval@njsPool@@CAXV?$Local@VString@v8@@@v8@@V?$Local@VValue@v8@@@3@ABV?$PropertyCallbackInfo@X@Nan@@@Z 100076e0 f   njsPool.obj
 0001:00006780       ?SetStmtCacheSize@njsConnection@@CAXV?$Local@VString@v8@@@v8@@V?$Local@VValue@v8@@@3@ABV?$PropertyCallbackInfo@X@Nan@@@Z 10007780 f   njsConnection.obj
 0001:00006780       ?SetStmtCacheSize@njsPool@@CAXV?$Local@VString@v8@@@v8@@V?$Local@VValue@v8@@@3@ABV?$PropertyCallbackInfo@X@Nan@@@Z 10007780 f   njsPool.obj
 0001:00006820       ?GetConnection@njsPool@@CAXABV?$FunctionCallbackInfo@VValue@v8@@@Nan@@@Z 10007820 f   njsPool.obj
 0001:000068e0       ?Async_GetConnection@njsPool@@CAXPAVnjsBaton@@@Z 100078e0 f   njsPool.obj
 0001:00006960       ?Terminate@njsPool@@CAXABV?$FunctionCallbackInfo@VValue@v8@@@Nan@@@Z 10007960 f   njsPool.obj
 0001:000069c0       ?Async_Terminate@njsPool@@CAXPAVnjsBaton@@@Z 100079c0 f   njsPool.obj
 0001:00006a00       ?compare@?$char_traits@D@std@@SAHPBD0I@Z 10007a00 f i njsConnection.obj
 0001:00006a60       ?Set@Nan@@YA?AV?$Maybe@_N@v8@@V?$Local@VObject@v8@@@3@IV?$Local@VValue@v8@@@3@@Z 10007a60 f i njsConnection.obj
 0001:00006af0       ?DefineOwnProperty@Nan@@YA?AV?$Maybe@_N@v8@@V?$Local@VObject@v8@@@3@V?$Local@VString@v8@@@3@V?$Local@VValue@v8@@@3@W4PropertyAttribute@3@@Z 10007af0 f i njsConnection.obj
 0001:00006b90       ?Get@Nan@@YA?AV?$MaybeLocal@VValue@v8@@@v8@@V?$Local@VObject@v8@@@3@I@Z 10007b90 f i njsConnection.obj
 0001:00006c50       ?convert@?$ToFactory@VInteger@v8@@@imp@Nan@@SA?AV?$MaybeLocal@VInteger@v8@@@v8@@V?$Local@VValue@v8@@@5@@Z 10007c50 f i njsConnection.obj
 0001:00006d00       ?New@?$Factory@VDate@v8@@@imp@Nan@@SA?AV?$MaybeLocal@VDate@v8@@@v8@@N@Z 10007d00 f i njsConnection.obj
 0001:00006dc0       ?CopyBuffer@Nan@@YA?AV?$MaybeLocal@VObject@v8@@@v8@@PBDI@Z 10007dc0 f i njsConnection.obj
 0001:00006e10       ??0njsVariable@@QAE@XZ     10007e10 f i njsConnection.obj
 0001:00006e80       ??0njsFetchInfo@@QAE@XZ    10007e80 f i njsConnection.obj
 0001:00006ea0       ?GetInvalidErrorType@njsConnection@@UBE?AW4njsErrorType@@XZ 10007ea0 f i njsConnection.obj
 0001:00006eb0       ??_GnjsConnection@@EAEPAXI@Z 10007eb0 f i njsConnection.obj
 0001:00006eb0       ??_EnjsConnection@@EAEPAXI@Z 10007eb0 f i * CIL library *:* CIL module *
 0001:00006f60       ??0njsProtoILob@@QAE@XZ    10007f60 f i njsConnection.obj
 0001:00006f90       ?Init@njsConnection@@SAXV?$Local@VObject@v8@@@v8@@@Z 10007f90 f   njsConnection.obj
 0001:000072f0       ?CreateFromBaton@njsConnection@@SA?AV?$Local@VObject@v8@@@v8@@PAVnjsBaton@@@Z 100082f0 f   njsConnection.obj
 0001:00007420       ?ProcessQueryVars@njsConnection@@SA_NPAVnjsBaton@@PAUdpiStmt@@PAVnjsVariable@@I@Z 10008420 f   njsConnection.obj
 0001:00007820       ?ProcessFetch@njsConnection@@SA_NPAVnjsBaton@@@Z 10008820 f   njsConnection.obj
 0001:00007c10       ?ProcessVars@njsConnection@@CA_NPAVnjsBaton@@PAVnjsVariable@@II@Z 10008c10 f   njsConnection.obj
 0001:00007f40       ?MapByName@njsConnection@@CA_NPAVnjsBaton@@PAUdpiQueryInfo@@AAW4dpiOracleTypeNum@@@Z 10008f40 f   njsConnection.obj
 0001:00008100       ?MapByType@njsConnection@@CA_NPAVnjsBaton@@PAUdpiQueryInfo@@AAW4dpiOracleTypeNum@@@Z 10009100 f   njsConnection.obj
 0001:00008200       ?PrepareAndBind@njsConnection@@CA_NPAVnjsBaton@@@Z 10009200 f   njsConnection.obj
 0001:000083b0       ?GetMetaData@njsConnection@@SA?AV?$Local@VValue@v8@@@v8@@PAVnjsVariable@@I_N@Z 100093b0 f   njsConnection.obj
 0001:00008950       ?GetRows@njsConnection@@SA_NPAVnjsBaton@@AAV?$Local@VObject@v8@@@v8@@@Z 10009950 f   njsConnection.obj
 0001:00008c50       ?ProcessBinds@njsConnection@@CA_NABV?$FunctionCallbackInfo@VValue@v8@@@Nan@@IPAVnjsBaton@@@Z 10009c50 f   njsConnection.obj
 0001:00008e10       ?ProcessBindsByName@njsConnection@@CA_NV?$Local@VObject@v8@@@v8@@PAVnjsBaton@@@Z 10009e10 f   njsConnection.obj
 0001:00009110       ?ProcessBindsByPos@njsConnection@@CA_NV?$Local@VArray@v8@@@v8@@PAVnjsBaton@@@Z 1000a110 f   njsConnection.obj
 0001:00009250       ?ProcessBind@njsConnection@@CA_NV?$Local@VValue@v8@@@v8@@PAVnjsVariable@@_NPAVnjsBaton@@@Z 1000a250 f   njsConnection.obj
 0001:00009870       ?ProcessBindValue@njsConnection@@CA_NV?$Local@VValue@v8@@@v8@@PAVnjsVariable@@PAVnjsBaton@@@Z 1000a870 f   njsConnection.obj
 0001:00009a20       ?ProcessScalarBindValue@njsConnection@@CA_NV?$Local@VValue@v8@@@v8@@PAVnjsVariable@@IPAVnjsBaton@@@Z 1000aa20 f   njsConnection.obj
 0001:00009f50       ?GetBindTypeAndSizeFromValue@njsConnection@@CA_NPAVnjsVariable@@V?$Local@VValue@v8@@@v8@@PAI2PAVnjsBaton@@_N@Z 1000af50 f   njsConnection.obj
 0001:0000a270       ?ProcessOptions@njsConnection@@CA_NABV?$FunctionCallbackInfo@VValue@v8@@@Nan@@IPAVnjsBaton@@@Z 1000b270 f   njsConnection.obj
 0001:0000a780       ?GetScalarValueFromVar@njsConnection@@CA_NPAVnjsBaton@@PAVnjsVariable@@IAAV?$Local@VValue@v8@@@v8@@@Z 1000b780 f   njsConnection.obj
 0001:0000ab00       ?GetValueFromVar@njsConnection@@CA_NPAVnjsBaton@@PAVnjsVariable@@AAV?$Local@VValue@v8@@@v8@@@Z 1000bb00 f   njsConnection.obj
 0001:0000ac70       ?GetOutBinds@njsConnection@@CA?AV?$Local@VValue@v8@@@v8@@PAVnjsBaton@@@Z 1000bc70 f   njsConnection.obj
 0001:0000aec0       ?SetTextAttribute@njsConnection@@CAXABV?$PropertyCallbackInfo@X@Nan@@PBDV?$Local@VValue@v8@@@v8@@P6AHPAUdpiConn@@1I@Z@Z 1000bec0 f   njsConnection.obj
 0001:0000b040       ?New@njsConnection@@CAXABV?$FunctionCallbackInfo@VValue@v8@@@Nan@@@Z 1000c040 f   njsConnection.obj
 0001:0000b0a0       ?Execute@njsConnection@@CAXABV?$FunctionCallbackInfo@VValue@v8@@@Nan@@@Z 1000c0a0 f   njsConnection.obj
 0001:0000b2a0       ?Async_Execute@njsConnection@@CAXPAVnjsBaton@@@Z 1000c2a0 f   njsConnection.obj
 0001:0000b460       ?Async_AfterExecute@njsConnection@@CAXPAVnjsBaton@@QAV?$Local@VValue@v8@@@v8@@@Z 1000c460 f   njsConnection.obj
 0001:0000ba20       ?Async_GetRows@njsResultSet@@CAXPAVnjsBaton@@@Z 1000ca20 f   njsResultSet.obj
 0001:0000ba20       ?Async_ExecuteGetMoreRows@njsConnection@@CAXPAVnjsBaton@@@Z 1000ca20 f   njsConnection.obj
 0001:0000ba30       ?Release@njsConnection@@CAXABV?$FunctionCallbackInfo@VValue@v8@@@Nan@@@Z 1000ca30 f   njsConnection.obj
 0001:0000ba90       ?Async_Release@njsConnection@@CAXPAVnjsBaton@@@Z 1000ca90 f   njsConnection.obj
 0001:0000bad0       ?Commit@njsConnection@@CAXABV?$FunctionCallbackInfo@VValue@v8@@@Nan@@@Z 1000cad0 f   njsConnection.obj
 0001:0000bb50       ?Async_Commit@njsConnection@@CAXPAVnjsBaton@@@Z 1000cb50 f   njsConnection.obj
 0001:0000bb70       ?Rollback@njsConnection@@CAXABV?$FunctionCallbackInfo@VValue@v8@@@Nan@@@Z 1000cb70 f   njsConnection.obj
 0001:0000bbf0       ?Async_Rollback@njsConnection@@CAXPAVnjsBaton@@@Z 1000cbf0 f   njsConnection.obj
 0001:0000bc10       ?Break@njsConnection@@CAXABV?$FunctionCallbackInfo@VValue@v8@@@Nan@@@Z 1000cc10 f   njsConnection.obj
 0001:0000bc90       ?Async_Break@njsConnection@@CAXPAVnjsBaton@@@Z 1000cc90 f   njsConnection.obj
 0001:0000bcb0       ?CreateLob@njsConnection@@CAXABV?$FunctionCallbackInfo@VValue@v8@@@Nan@@@Z 1000ccb0 f   njsConnection.obj
 0001:0000be10       ?Async_CreateLob@njsConnection@@CAXPAVnjsBaton@@@Z 1000ce10 f   njsConnection.obj
 0001:0000bea0       ?Async_AfterCreateLob@njsConnection@@CAXPAVnjsBaton@@QAV?$Local@VValue@v8@@@v8@@@Z 1000cea0 f   njsConnection.obj
 0001:0000bfc0       ?GetStmtCacheSize@njsConnection@@CAXV?$Local@VString@v8@@@v8@@ABV?$PropertyCallbackInfo@VValue@v8@@@Nan@@@Z 1000cfc0 f   njsConnection.obj
 0001:0000c0a0       ?GetAction@njsConnection@@CAXV?$Local@VString@v8@@@v8@@ABV?$PropertyCallbackInfo@VValue@v8@@@Nan@@@Z 1000d0a0 f   njsConnection.obj
 0001:0000c0a0       ?GetClientId@njsConnection@@CAXV?$Local@VString@v8@@@v8@@ABV?$PropertyCallbackInfo@VValue@v8@@@Nan@@@Z 1000d0a0 f   njsConnection.obj
 0001:0000c0a0       ?GetModule@njsConnection@@CAXV?$Local@VString@v8@@@v8@@ABV?$PropertyCallbackInfo@VValue@v8@@@Nan@@@Z 1000d0a0 f   njsConnection.obj
 0001:0000c0c0       ?SetClientId@njsConnection@@CAXV?$Local@VString@v8@@@v8@@V?$Local@VValue@v8@@@3@ABV?$PropertyCallbackInfo@X@Nan@@@Z 1000d0c0 f   njsConnection.obj
 0001:0000c0e0       ?SetModule@njsConnection@@CAXV?$Local@VString@v8@@@v8@@V?$Local@VValue@v8@@@3@ABV?$PropertyCallbackInfo@X@Nan@@@Z 1000d0e0 f   njsConnection.obj
 0001:0000c100       ?SetAction@njsConnection@@CAXV?$Local@VString@v8@@@v8@@V?$Local@VValue@v8@@@3@ABV?$PropertyCallbackInfo@X@Nan@@@Z 1000d100 f   njsConnection.obj
 0001:0000c120       ?GetOracleServerVersion@njsConnection@@CAXV?$Local@VString@v8@@@v8@@ABV?$PropertyCallbackInfo@VValue@v8@@@Nan@@@Z 1000d120 f   njsConnection.obj
 0001:0000c230       ?SetOracleServerVersion@njsConnection@@CAXV?$Local@VString@v8@@@v8@@V?$Local@VValue@v8@@@3@ABV?$PropertyCallbackInfo@X@Nan@@@Z 1000d230 f   njsConnection.obj
 0001:0000c2d0       ?compare@?$basic_string@DU?$char_traits@D@std@@V?$allocator@D@2@@std@@QBEHPBD@Z 1000d2d0 f i njsConnection.obj
 0001:0000c330       ?append@?$basic_string@DU?$char_traits@D@std@@V?$allocator@D@2@@std@@QAEAAV12@ABV12@II@Z 1000d330 f i njsConnection.obj
 0001:0000c3e0       ?append@?$basic_string@DU?$char_traits@D@std@@V?$allocator@D@2@@std@@QAEAAV12@PBDI@Z 1000d3e0 f i njsConnection.obj
 0001:0000c4b0       ??$?HDU?$char_traits@D@std@@V?$allocator@D@1@@std@@YA?AV?$basic_string@DU?$char_traits@D@std@@V?$allocator@D@2@@0@PBDABV10@@Z 1000d4b0 f i njsConnection.obj
 0001:0000c570       ??$New@VInteger@v8@@H@Nan@@YA?AV?$Local@VInteger@v8@@@v8@@H@Z 1000d570 f i njsConnection.obj
 0001:0000c5c0       ?GetInvalidErrorType@njsResultSet@@UBE?AW4njsErrorType@@XZ 1000d5c0 f i njsResultSet.obj
 0001:0000c5d0       ??_GnjsResultSet@@EAEPAXI@Z 1000d5d0 f i njsResultSet.obj
 0001:0000c5d0       ??_EnjsResultSet@@EAEPAXI@Z 1000d5d0 f i * CIL library *:* CIL module *
 0001:0000c5f0       ??1njsResultSet@@EAE@XZ    1000d5f0 f   njsResultSet.obj
 0001:0000c6c0       ?Init@njsResultSet@@SAXV?$Local@VObject@v8@@@v8@@@Z 1000d6c0 f   njsResultSet.obj
 0001:0000c8a0       ?CreateFromBaton@njsResultSet@@SA?AV?$Local@VObject@v8@@@v8@@PAVnjsBaton@@@Z 1000d8a0 f   njsResultSet.obj
 0001:0000ca40       ?CreateFromRefCursor@njsResultSet@@SA_NPAVnjsBaton@@PAUdpiStmt@@PAVnjsVariable@@IAAV?$Local@VValue@v8@@@v8@@@Z 1000da40 f   njsResultSet.obj
 0001:0000cbf0       ?IsValid@njsResultSet@@UBE_NXZ 1000dbf0 f   njsResultSet.obj
 0001:0000ccb0       ?New@njsResultSet@@CAXABV?$FunctionCallbackInfo@VValue@v8@@@Nan@@@Z 1000dcb0 f   njsResultSet.obj
 0001:0000cd40       ?GetMetaData@njsResultSet@@CAXV?$Local@VString@v8@@@v8@@ABV?$PropertyCallbackInfo@VValue@v8@@@Nan@@@Z 1000dd40 f   njsResultSet.obj
 0001:0000cda0       ?SetMetaData@njsResultSet@@CAXV?$Local@VString@v8@@@v8@@V?$Local@VValue@v8@@@3@ABV?$PropertyCallbackInfo@X@Nan@@@Z 1000dda0 f   njsResultSet.obj
 0001:0000ce40       ?GetRows@njsResultSet@@CAXABV?$FunctionCallbackInfo@VValue@v8@@@Nan@@@Z 1000de40 f   njsResultSet.obj
 0001:0000d020       ?Async_AfterGetRows@njsResultSet@@CAXPAVnjsBaton@@QAV?$Local@VValue@v8@@@v8@@@Z 1000e020 f   njsResultSet.obj
 0001:0000d0b0       ?Close@njsResultSet@@CAXABV?$FunctionCallbackInfo@VValue@v8@@@Nan@@@Z 1000e0b0 f   njsResultSet.obj
 0001:0000d160       ?Async_Close@njsResultSet@@CAXPAVnjsBaton@@@Z 1000e160 f   njsResultSet.obj
 0001:0000d1a0       ?Async_AfterClose@njsResultSet@@CAXPAVnjsBaton@@QAV?$Local@VValue@v8@@@v8@@@Z 1000e1a0 f   njsResultSet.obj
 0001:0000d210       ?Get@njsMessages@@SA?AV?$basic_string@DU?$char_traits@D@std@@V?$allocator@D@2@@std@@HZZ 1000e210 f   njsMessages.obj
 0001:0000d310       ?GetInvalidErrorType@njsILob@@UBE?AW4njsErrorType@@XZ 1000e310 f i njsIntLob.obj
 0001:0000d320       ??_GnjsILob@@EAEPAXI@Z     1000e320 f i njsIntLob.obj
 0001:0000d320       ??_EnjsILob@@EAEPAXI@Z     1000e320 f i * CIL library *:* CIL module *
 0001:0000d3d0       ?Init@njsILob@@SAXV?$Local@VObject@v8@@@v8@@@Z 1000e3d0 f   njsIntLob.obj
 0001:0000d790       ?CreateFromProtoLob@njsILob@@SA?AV?$Local@VObject@v8@@@v8@@PAVnjsProtoILob@@@Z 1000e790 f   njsIntLob.obj
 0001:0000d8b0       ?GetInstance@njsILob@@SAPAV1@V?$Local@VValue@v8@@@v8@@@Z 1000e8b0 f   njsIntLob.obj
 0001:0000d9d0       ?New@njsILob@@CAXABV?$FunctionCallbackInfo@VValue@v8@@@Nan@@@Z 1000e9d0 f   njsIntLob.obj
 0001:0000da60       ?SetChunkSize@njsILob@@CAXV?$Local@VString@v8@@@v8@@V?$Local@VValue@v8@@@3@ABV?$PropertyCallbackInfo@X@Nan@@@Z 1000ea60 f   njsIntLob.obj
 0001:0000db00       ?GetLength@njsILob@@CAXV?$Local@VString@v8@@@v8@@ABV?$PropertyCallbackInfo@VValue@v8@@@Nan@@@Z 1000eb00 f   njsIntLob.obj
 0001:0000db80       ?SetLength@njsILob@@CAXV?$Local@VString@v8@@@v8@@V?$Local@VValue@v8@@@3@ABV?$PropertyCallbackInfo@X@Nan@@@Z 1000eb80 f   njsIntLob.obj
 0001:0000dc20       ?SetPieceSize@njsILob@@CAXV?$Local@VString@v8@@@v8@@V?$Local@VValue@v8@@@3@ABV?$PropertyCallbackInfo@X@Nan@@@Z 1000ec20 f   njsIntLob.obj
 0001:0000dc80       ?SetOffset@njsILob@@CAXV?$Local@VString@v8@@@v8@@V?$Local@VValue@v8@@@3@ABV?$PropertyCallbackInfo@X@Nan@@@Z 1000ec80 f   njsIntLob.obj
 0001:0000dcd0       ?GetType@njsILob@@CAXV?$Local@VString@v8@@@v8@@ABV?$PropertyCallbackInfo@VValue@v8@@@Nan@@@Z 1000ecd0 f   njsIntLob.obj
 0001:0000dd40       ?SetType@njsILob@@CAXV?$Local@VString@v8@@@v8@@V?$Local@VValue@v8@@@3@ABV?$PropertyCallbackInfo@X@Nan@@@Z 1000ed40 f   njsIntLob.obj
 0001:0000dde0       ?GetIsAutoClose@njsILob@@CAXV?$Local@VString@v8@@@v8@@ABV?$PropertyCallbackInfo@VValue@v8@@@Nan@@@Z 1000ede0 f   njsIntLob.obj
 0001:0000de20       ?SetIsAutoClose@njsILob@@CAXV?$Local@VString@v8@@@v8@@V?$Local@VValue@v8@@@3@ABV?$PropertyCallbackInfo@X@Nan@@@Z 1000ee20 f   njsIntLob.obj
 0001:0000dec0       ?GetIsValid@njsILob@@CAXV?$Local@VString@v8@@@v8@@ABV?$PropertyCallbackInfo@VValue@v8@@@Nan@@@Z 1000eec0 f   njsIntLob.obj
 0001:0000df90       ?SetIsValid@njsILob@@CAXV?$Local@VString@v8@@@v8@@V?$Local@VValue@v8@@@3@ABV?$PropertyCallbackInfo@X@Nan@@@Z 1000ef90 f   njsIntLob.obj
 0001:0000e030       ?Read@njsILob@@CAXABV?$FunctionCallbackInfo@VValue@v8@@@Nan@@@Z 1000f030 f   njsIntLob.obj
 0001:0000e1a0       ?Async_Read@njsILob@@CAXPAVnjsBaton@@@Z 1000f1a0 f   njsIntLob.obj
 0001:0000e230       ?Close@njsILob@@CAXABV?$FunctionCallbackInfo@VValue@v8@@@Nan@@@Z 1000f230 f   njsIntLob.obj
 0001:0000e2e0       ?Async_Close@njsILob@@CAXPAVnjsBaton@@@Z 1000f2e0 f   njsIntLob.obj
 0001:0000e320       ?Async_AfterRead@njsILob@@CAXPAVnjsBaton@@QAV?$Local@VValue@v8@@@v8@@@Z 1000f320 f   njsIntLob.obj
 0001:0000e490       ?Write@njsILob@@CAXABV?$FunctionCallbackInfo@VValue@v8@@@Nan@@@Z 1000f490 f   njsIntLob.obj
 0001:0000e630       ?Async_Write@njsILob@@CAXPAVnjsBaton@@@Z 1000f630 f   njsIntLob.obj
 0001:0000e6b0       ?Async_AfterWrite@njsILob@@CAXPAVnjsBaton@@QAV?$Local@VValue@v8@@@v8@@@Z 1000f6b0 f   njsIntLob.obj
 0001:0000eac0       _dpiConn__decrementOpenChildCount 1000fac0 f   dpiConn.obj
 0001:0000eb10       _dpiConn__free             1000fb10 f   dpiConn.obj
 0001:0000ebc0       _dpiConn__get              1000fbc0 f   dpiConn.obj
 0001:0000ee30       _dpiConn__getServerVersion 1000fe30 f   dpiConn.obj
 0001:0000f2e0       _dpiConn__incrementOpenChildCount 100102e0 f   dpiConn.obj
 0001:0000fc00       _dpiConn_breakExecution    10010c00 f   dpiConn.obj
 0001:0000fd90       _dpiConn_close             10010d90 f   dpiConn.obj
 0001:0000ffb0       _dpiConn_commit            10010fb0 f   dpiConn.obj
 0001:00010110       _dpiConn_create            10011110 f   dpiConn.obj
 0001:00010590       _dpiConn_getServerVersion  10011590 f   dpiConn.obj
 0001:00010780       _dpiConn_getStmtCacheSize  10011780 f   dpiConn.obj
 0001:00010910       _dpiConn_newTempLob        10011910 f   dpiConn.obj
 0001:00010b40       _dpiConn_newVar            10011b40 f   dpiConn.obj
 0001:00010cf0       _dpiConn_prepareStmt       10011cf0 f   dpiConn.obj
 0001:00010ef0       _dpiConn_rollback          10011ef0 f   dpiConn.obj
 0001:00011090       _dpiConn_setAction         10012090 f   dpiConn.obj
 0001:000110b0       _dpiConn_setClientIdentifier 100120b0 f   dpiConn.obj
 0001:000110d0       _dpiConn_setModule         100120d0 f   dpiConn.obj
 0001:000110f0       _dpiConn_setStmtCacheSize  100120f0 f   dpiConn.obj
 0001:000112b0       _dpiContext__initPoolCreateParams 100122b0 f   dpiContext.obj
 0001:00011300       _dpiContext_create         10012300 f   dpiContext.obj
 0001:000113a0       _dpiContext_getClientVersion 100123a0 f   dpiContext.obj
 0001:000114e0       _dpiContext_getError       100124e0 f   dpiContext.obj
 0001:00011540       _dpiContext_initCommonCreateParams 10012540 f   dpiContext.obj
 0001:00011680       _dpiContext_initConnCreateParams 10012680 f   dpiContext.obj
 0001:000117d0       _dpiContext_initPoolCreateParams 100127d0 f   dpiContext.obj
 0001:00011940       _dpiDataBuffer__fromOracleDate 10012940 f   dpiData.obj
 0001:00011980       _dpiDataBuffer__fromOracleNumberAsText 10012980 f   dpiData.obj
 0001:00011be0       _dpiDataBuffer__fromOracleTimestamp 10012be0 f   dpiData.obj
 0001:00011c70       _dpiDataBuffer__fromOracleTimestampAsDouble 10012c70 f   dpiData.obj
 0001:00011d90       _dpiDataBuffer__toOracleDate 10012d90 f   dpiData.obj
 0001:00011dc0       _dpiDataBuffer__toOracleNumberFromDouble 10012dc0 f   dpiData.obj
 0001:00011e10       _dpiDataBuffer__toOracleNumberFromText 10012e10 f   dpiData.obj
 0001:00011fb0       _dpiDataBuffer__toOracleTimestamp 10012fb0 f   dpiData.obj
 0001:00012060       _dpiDataBuffer__toOracleTimestampFromDouble 10013060 f   dpiData.obj
 0001:00012390       _dpiDebug__initialize      10013390 f   dpiDebug.obj
 0001:00012430       _dpiDebug__print           10013430 f   dpiDebug.obj
 0001:00012490       _dpiDeqOptions__free       10013490 f   dpiDeqOptions.obj
 0001:000124f0       _dpiEnqOptions__free       100134f0 f   dpiEnqOptions.obj
 0001:00012550       _dpiEnv__free              10013550 f   dpiEnv.obj
 0001:00012660       _dpiEnv__init              10013660 f   dpiEnv.obj
 0001:000128f0       _dpiEnv__initError         100138f0 f   dpiEnv.obj
 0001:00012990       _dpiError__check           10013990 f   dpiError.obj
 0001:00012c20       _dpiError__getInfo         10013c20 f   dpiError.obj
 0001:00012d40       _dpiError__set             10013d40 f   dpiError.obj
 0001:00012df0       _dpiGen__addRef            10013df0 f   dpiGen.obj
 0001:00012f50       _dpiGen__allocate          10013f50 f   dpiGen.obj
 0001:00013070       _dpiGen__checkHandle       10014070 f   dpiGen.obj
 0001:000130b0       _dpiGen__endPublicFn       100140b0 f   dpiGen.obj
 0001:00013120       _dpiGen__release           10014120 f   dpiGen.obj
 0001:00013290       _dpiGen__setRefCount       10014290 f   dpiGen.obj
 0001:00013520       _dpiGlobal__initError      10014520 f   dpiGlobal.obj
 0001:00013700       _dpiGlobal__lookupCharSet  10014700 f   dpiGlobal.obj
 0001:00013930       _dpiGlobal__lookupEncoding 10014930 f   dpiGlobal.obj
 0001:00013a40       _dpiHandlePool__acquire    10014a40 f   dpiHandlePool.obj
 0001:00013b70       _dpiHandlePool__create     10014b70 f   dpiHandlePool.obj
 0001:00013c60       _dpiHandlePool__free       10014c60 f   dpiHandlePool.obj
 0001:00013cc0       _dpiHandlePool__release    10014cc0 f   dpiHandlePool.obj
 0001:00013d00       _dpiLob__allocate          10014d00 f   dpiLob.obj
 0001:00013ef0       _dpiLob__free              10014ef0 f   dpiLob.obj
 0001:00013f30       _dpiLob__readBytes         10014f30 f   dpiLob.obj
 0001:00014010       _dpiLob_close              10015010 f   dpiLob.obj
 0001:000141c0       _dpiLob_copy               100151c0 f   dpiLob.obj
 0001:000143b0       _dpiLob_getBufferSize      100153b0 f   dpiLob.obj
 0001:00014590       _dpiLob_getChunkSize       10015590 f   dpiLob.obj
 0001:00014720       _dpiLob_getSize            10015720 f   dpiLob.obj
 0001:000148b0       _dpiLob_readBytes          100158b0 f   dpiLob.obj
 0001:00014a70       _dpiLob_release            10015a70 f   dpiLob.obj
 0001:00014a90       _dpiLob_writeBytes         10015a90 f   dpiLob.obj
 0001:00014c30       _dpiMsgProps__free         10015c30 f   dpiMsgProps.obj
 0001:00014c90       _dpiObjectAttr__free       10015c90 f   dpiObjectAttr.obj
 0001:00014d20       _dpiObject__allocate       10015d20 f   dpiObject.obj
 0001:00014da0       _dpiObject__free           10015da0 f   dpiObject.obj
 0001:00014e00       _dpiObjectType__allocate   10015e00 f   dpiObjectType.obj
 0001:00014ea0       _dpiObjectType__createObject 10015ea0 f   dpiObjectType.obj
 0001:000150a0       _dpiObjectType__free       100160a0 f   dpiObjectType.obj
 0001:00015340       _dpiOci__arrayDescriptorAlloc 10016340 f   dpiOci.obj
 0001:000153e0       _dpiOci__arrayDescriptorFree 100163e0 f   dpiOci.obj
 0001:00015480       _dpiOci__attrGet           10016480 f   dpiOci.obj
 0001:000154c0       _dpiOci__attrSet           100164c0 f   dpiOci.obj
 0001:00015500       _dpiOci__bindByName        10016500 f   dpiOci.obj
 0001:00015670       _dpiOci__bindByName2       10016670 f   dpiOci.obj
 0001:000157e0       _dpiOci__bindByPos         100167e0 f   dpiOci.obj
 0001:00015950       _dpiOci__bindByPos2        10016950 f   dpiOci.obj
 0001:00015ac0       _dpiOci__bindDynamic       10016ac0 f   dpiOci.obj
 0001:00015b60       _dpiOci__bindObject        10016b60 f   dpiOci.obj
 0001:00015c10       _dpiOci__break             10016c10 f   dpiOci.obj
 0001:00015ca0       _dpiOci__contextGetValue   10016ca0 f   dpiOci.obj
 0001:00015d60       _dpiOci__contextSetValue   10016d60 f   dpiOci.obj
 0001:00015e10       _dpiOci__dateTimeConstruct 10016e10 f   dpiOci.obj
 0001:00015ec0       _dpiOci__dateTimeGetDate   10016ec0 f   dpiOci.obj
 0001:00015f60       _dpiOci__dateTimeGetTime   10016f60 f   dpiOci.obj
 0001:00016000       _dpiOci__dateTimeGetTimeZoneOffset 10017000 f   dpiOci.obj
 0001:000160a0       _dpiOci__dateTimeIntervalAdd 100170a0 f   dpiOci.obj
 0001:00016140       _dpiOci__dateTimeSubtract  10017140 f   dpiOci.obj
 0001:000161e0       _dpiOci__defineByPos       100171e0 f   dpiOci.obj
 0001:00016310       _dpiOci__defineByPos2      10017310 f   dpiOci.obj
 0001:00016440       _dpiOci__defineDynamic     10017440 f   dpiOci.obj
 0001:000164e0       _dpiOci__defineObject      100174e0 f   dpiOci.obj
 0001:00016590       _dpiOci__describeAny       10017590 f   dpiOci.obj
 0001:00016630       _dpiOci__descriptorAlloc   10017630 f   dpiOci.obj
 0001:000166d0       _dpiOci__descriptorFree    100176d0 f   dpiOci.obj
 0001:00016770       _dpiOci__envNlsCreate      10017770 f   dpiOci.obj
 0001:00016840       _dpiOci__errorGet          10017840 f   dpiOci.obj
 0001:000169c0       _dpiOci__handleAlloc       100179c0 f   dpiOci.obj
 0001:00016a50       _dpiOci__handleFree        10017a50 f   dpiOci.obj
 0001:00016ab0       _dpiOci__intervalGetDaySecond 10017ab0 f   dpiOci.obj
 0001:00016b60       _dpiOci__intervalGetYearMonth 10017b60 f   dpiOci.obj
 0001:00016c00       _dpiOci__intervalSetDaySecond 10017c00 f   dpiOci.obj
 0001:00016cb0       _dpiOci__intervalSetYearMonth 10017cb0 f   dpiOci.obj
 0001:00017490       _dpiOci__lobClose          10018490 f   dpiOci.obj
 0001:00017530       _dpiOci__lobCreateTemporary 10018530 f   dpiOci.obj
 0001:000175f0       _dpiOci__lobFreeTemporary  100185f0 f   dpiOci.obj
 0001:000176b0       _dpiOci__lobGetChunkSize   100186b0 f   dpiOci.obj
 0001:00017760       _dpiOci__lobGetLength2     10018760 f   dpiOci.obj
 0001:00017810       _dpiOci__lobIsOpen         10018810 f   dpiOci.obj
 0001:000178c0       _dpiOci__lobIsTemporary    100188c0 f   dpiOci.obj
 0001:00017990       _dpiOci__lobLocatorAssign  10018990 f   dpiOci.obj
 0001:00017a40       _dpiOci__lobOpen           10018a40 f   dpiOci.obj
 0001:00017b00       _dpiOci__lobRead2          10018b00 f   dpiOci.obj
 0001:00017be0       _dpiOci__lobTrim2          10018be0 f   dpiOci.obj
 0001:00017ca0       _dpiOci__lobWrite2         10018ca0 f   dpiOci.obj
 0001:00017da0       _dpiOci__memoryAlloc       10018da0 f   dpiOci.obj
 0001:00017e60       _dpiOci__memoryFree        10018e60 f   dpiOci.obj
 0001:00017ef0       _dpiOci__nlsCharSetConvert 10018ef0 f   dpiOci.obj
 0001:00017fa0       _dpiOci__nlsCharSetIdToName 10018fa0 f   dpiOci.obj
 0001:00018030       _dpiOci__nlsCharSetNameToId 10019030 f   dpiOci.obj
 0001:000180c0       _dpiOci__nlsEnvironmentVariableGet 100190c0 f   dpiOci.obj
 0001:00018170       _dpiOci__nlsNameMap        10019170 f   dpiOci.obj
 0001:00018200       _dpiOci__nlsNumericInfoGet 10019200 f   dpiOci.obj
 0001:000182a0       _dpiOci__numberFromInt     100192a0 f   dpiOci.obj
 0001:00018340       _dpiOci__numberFromReal    10019340 f   dpiOci.obj
 0001:000183e0       _dpiOci__numberToInt       100193e0 f   dpiOci.obj
 0001:00018480       _dpiOci__numberToReal      10019480 f   dpiOci.obj
 0001:00018520       _dpiOci__objectFree        10019520 f   dpiOci.obj
 0001:000185c0       _dpiOci__objectGetInd      100195c0 f   dpiOci.obj
 0001:00018670       _dpiOci__objectNew         10019670 f   dpiOci.obj
 0001:00018730       _dpiOci__objectPin         10019730 f   dpiOci.obj
 0001:000187d0       _dpiOci__passwordChange    100197d0 f   dpiOci.obj
 0001:00018880       _dpiOci__paramGet          10019880 f   dpiOci.obj
 0001:00018920       _dpiOci__ping              10019920 f   dpiOci.obj
 0001:000189f0       _dpiOci__rowidToChar       100199f0 f   dpiOci.obj
 0001:00018ab0       _dpiOci__serverAttach      10019ab0 f   dpiOci.obj
 0001:00018b50       _dpiOci__serverDetach      10019b50 f   dpiOci.obj
 0001:00018c00       _dpiOci__serverRelease     10019c00 f   dpiOci.obj
 0001:00018ca0       _dpiOci__sessionBegin      10019ca0 f   dpiOci.obj
 0001:00018d40       _dpiOci__sessionEnd        10019d40 f   dpiOci.obj
 0001:00018df0       _dpiOci__sessionGet        10019df0 f   dpiOci.obj
 0001:00018ea0       _dpiOci__sessionPoolCreate 10019ea0 f   dpiOci.obj
 0001:00018f70       _dpiOci__sessionPoolDestroy 10019f70 f   dpiOci.obj
 0001:00019020       _dpiOci__sessionRelease    1001a020 f   dpiOci.obj
 0001:000190d0       _dpiOci__shardingKeyColumnAdd 1001a0d0 f   dpiOci.obj
 0001:00019170       _dpiOci__stmtExecute       1001a170 f   dpiOci.obj
 0001:00019220       _dpiOci__stmtFetch2        1001a220 f   dpiOci.obj
 0001:000192f0       _dpiOci__stmtPrepare2      1001a2f0 f   dpiOci.obj
 0001:000193d0       _dpiOci__stmtRelease       1001a3d0 f   dpiOci.obj
 0001:00019490       _dpiOci__subscriptionUnRegister 1001a490 f   dpiOci.obj
 0001:00019530       _dpiOci__threadKeyDestroy  1001a530 f   dpiOci.obj
 0001:000195c0       _dpiOci__threadKeyInit     1001a5c0 f   dpiOci.obj
 0001:00019630       _dpiOci__threadKeySet      1001a630 f   dpiOci.obj
 0001:000196b0       _dpiOci__transCommit       1001a6b0 f   dpiOci.obj
 0001:00019750       _dpiOci__transRollback     1001a750 f   dpiOci.obj
 0001:00019a20       _dpiOracleType__getFromNum 1001aa20 f   dpiOracleType.obj
 0001:00019a60       _dpiOracleType__populateTypeInfo 1001aa60 f   dpiOracleType.obj
 0001:00019d60       _dpiPool__acquireConnection 1001ad60 f   dpiPool.obj
 0001:00019fe0       _dpiPool__free             1001afe0 f   dpiPool.obj
 0001:0001a440       _dpiPool_acquireConnection 1001b440 f   dpiPool.obj
 0001:0001a620       _dpiPool_close             1001b620 f   dpiPool.obj
 0001:0001a790       _dpiPool_create            1001b790 f   dpiPool.obj
 0001:0001aa10       _dpiRowid__allocate        1001ba10 f   dpiRowid.obj
 0001:0001aa80       _dpiRowid__free            1001ba80 f   dpiRowid.obj
 0001:0001ab00       _dpiRowid_getStringValue   1001bb00 f   dpiRowid.obj
 0001:0001ad90       _dpiStmt__allocate         1001bd90 f   dpiStmt.obj
 0001:0001bb40       _dpiStmt__free             1001cb40 f   dpiStmt.obj
 0001:0001bc20       _dpiStmt__init             1001cc20 f   dpiStmt.obj
 0001:0001be40       _dpiStmt__prepare          1001ce40 f   dpiStmt.obj
 0001:0001c020       _dpiStmt_bindByName        1001d020 f   dpiStmt.obj
 0001:0001c220       _dpiStmt_bindByPos         1001d220 f   dpiStmt.obj
 0001:0001c3f0       _dpiStmt_close             1001d3f0 f   dpiStmt.obj
 0001:0001c560       _dpiStmt_define            1001d560 f   dpiStmt.obj
 0001:0001c770       _dpiStmt_execute           1001d770 f   dpiStmt.obj
 0001:0001c910       _dpiStmt_fetchRows         1001d910 f   dpiStmt.obj
 0001:0001cb70       _dpiStmt_getInfo           1001db70 f   dpiStmt.obj
 0001:0001cd80       _dpiStmt_getNumQueryColumns 1001dd80 f   dpiStmt.obj
 0001:0001cf50       _dpiStmt_getQueryInfo      1001df50 f   dpiStmt.obj
 0001:0001d160       _dpiStmt_getRowCount       1001e160 f   dpiStmt.obj
 0001:0001d3a0       _dpiStmt_setFetchArraySize 1001e3a0 f   dpiStmt.obj
 0001:0001d590       _dpiSubscr__free           1001e590 f   dpiSubscr.obj
 0001:0001d5f0       _dpiUtils__allocateMemory  1001e5f0 f   dpiUtils.obj
 0001:0001d660       _dpiUtils__freeMemory      1001e660 f   dpiUtils.obj
 0001:0001d680       _dpiUtils__getAttrStringWithDup 1001e680 f   dpiUtils.obj
 0001:0001d700       _dpiUtils__parseNumberString 1001e700 f   dpiUtils.obj
 0001:0001da90       _dpiUtils__parseOracleNumber 1001ea90 f   dpiUtils.obj
 0001:0001dba0       _dpiUtils__setAttributesFromCommonCreateParams 1001eba0 f   dpiUtils.obj
 0001:0001dc40       _dpiVar__allocate          1001ec40 f   dpiVar.obj
 0001:0001e3c0       _dpiVar__convertToLob      1001f3c0 f   dpiVar.obj
 0001:0001e4c0       _dpiVar__defineCallback    1001f4c0 f   dpiVar.obj
 0001:0001e700       _dpiVar__extendedPreFetch  1001f700 f   dpiVar.obj
 0001:0001ed90       _dpiVar__free              1001fd90 f   dpiVar.obj
 0001:0001ee00       _dpiVar__getValue          1001fe00 f   dpiVar.obj
 0001:0001f1a0       _dpiVar__inBindCallback    100201a0 f   dpiVar.obj
 0001:0001f2c0       _dpiVar__outBindCallback   100202c0 f   dpiVar.obj
 0001:0001fa50       _dpiVar__setValue          10020a50 f   dpiVar.obj
 0001:0001fde0       _dpiVar_getData            10020de0 f   dpiVar.obj
 0001:0001ff30       _dpiVar_getNumElementsInArray 10020f30 f   dpiVar.obj
 0001:00020060       _dpiVar_setFromBytes       10021060 f   dpiVar.obj
 0001:00020250       _dpiVar_setFromLob         10021250 f   dpiVar.obj
 0001:000203d0       _dpiVar_setNumElementsInArray 100213d0 f   dpiVar.obj
 0001:0002054b       __imp_load_?FatalException@node@@YAXPAVIsolate@v8@@ABVTryCatch@3@@Z 1002154b f   node:node.exe
 0001:00020555       __tailMerge_node_exe       10021555 f i node:node.exe
 0001:00020566       __imp_load_?MakeCallback@node@@YA?AV?$Local@VValue@v8@@@v8@@PAVIsolate@3@V?$Local@VObject@v8@@@3@V?$Local@VFunction@v8@@@3@HPAV23@@Z 10021566 f   node:node.exe
 0001:00020570       __imp_load__uv_default_loop 10021570 f   node:node.exe
 0001:0002057a       __imp_load_?Reset@TryCatch@v8@@QAEXXZ 1002157a f   node:node.exe
 0001:00020584       __imp_load_?Message@TryCatch@v8@@QBE?AV?$Local@VMessage@v8@@@2@XZ 10021584 f   node:node.exe
 0001:0002058e       __imp_load_?HasCaught@TryCatch@v8@@QBE_NXZ 1002158e f   node:node.exe
 0001:00020598       __imp_load_??1TryCatch@v8@@QAE@XZ 10021598 f   node:node.exe
 0001:000205a2       __imp_load_??0TryCatch@v8@@QAE@PAVIsolate@1@@Z 100215a2 f   node:node.exe
 0001:000205ac       __imp_load_?Get@Message@v8@@QBE?AV?$Local@VString@v8@@@2@XZ 100215ac f   node:node.exe
 0001:000205b6       __imp_load_?Global@Context@v8@@QAE?AV?$Local@VObject@v8@@@2@XZ 100215b6 f   node:node.exe
 0001:000205c0       __imp_load_?ToLocalEmpty@V8@v8@@CAXXZ 100215c0 f   node:node.exe
 0001:000205ca       __imp_load_?FromJustIsNothing@V8@v8@@CAXXZ 100215ca f   node:node.exe
 0001:000205d4       __imp_load_?DisposeGlobal@V8@v8@@CAXPAPAVObject@internal@2@@Z 100215d4 f   node:node.exe
 0001:000205de       __imp_load_?GlobalizeReference@V8@v8@@CAPAPAVObject@internal@2@PAVIsolate@42@PAPAV342@@Z 100215de f   node:node.exe
 0001:000205e8       __imp_load_?Escape@EscapableHandleScope@v8@@AAEPAPAVObject@internal@2@PAPAV342@@Z 100215e8 f   node:node.exe
 0001:000205f2       __imp_load_??0EscapableHandleScope@v8@@QAE@PAVIsolate@1@@Z 100215f2 f   node:node.exe
 0001:000205fc       __imp_load_?Int32Value@Value@v8@@QBE?AV?$Maybe@H@2@V?$Local@VContext@v8@@@2@@Z 100215fc f   node:node.exe
 0001:00020606       __imp_load_?Uint32Value@Value@v8@@QBE?AV?$Maybe@I@2@V?$Local@VContext@v8@@@2@@Z 10021606 f   node:node.exe
 0001:00020610       __imp_load_?IsUint32@Value@v8@@QBE_NXZ 10021610 f   node:node.exe
 0001:0002061a       __imp_load_?IsInt32@Value@v8@@QBE_NXZ 1002161a f   node:node.exe
 0001:00020624       __imp_load_?IsNumber@Value@v8@@QBE_NXZ 10021624 f   node:node.exe
 0001:0002062e       __imp_load_?IsBoolean@Value@v8@@QBE_NXZ 1002162e f   node:node.exe
 0001:00020638       __imp_load_?IsObject@Value@v8@@QBE_NXZ 10021638 f   node:node.exe
 0001:00020642       __imp_load_?IsFunction@Value@v8@@QBE_NXZ 10021642 f   node:node.exe
 0001:0002064c       __imp_load_?Error@Exception@v8@@SA?AV?$Local@VValue@v8@@@2@V?$Local@VString@v8@@@2@@Z 1002164c f   node:node.exe
 0001:00020656       __imp_load_??1Utf8Value@String@v8@@QAE@XZ 10021656 f   node:node.exe
 0001:00020660       __imp_load_??0Utf8Value@String@v8@@QAE@V?$Local@VValue@v8@@@2@@Z 10021660 f   node:node.exe
 0001:0002066a       __imp_load_?NewFromUtf8@String@v8@@SA?AV?$MaybeLocal@VString@v8@@@2@PAVIsolate@2@PBDW4NewStringType@2@H@Z 1002166a f   node:node.exe
 0001:00020674       __imp_load_?CreateHandle@HandleScope@v8@@KAPAPAVObject@internal@2@PAVIsolate@42@PAV342@@Z 10021674 f   node:node.exe
 0001:0002067e       __imp_load_??1HandleScope@v8@@QAE@XZ 1002167e f   node:node.exe
 0001:00020688       __imp_load_??0HandleScope@v8@@QAE@PAVIsolate@1@@Z 10021688 f   node:node.exe
 0001:00020692       __imp_load_?Value@Boolean@v8@@QBE_NXZ 10021692 f   node:node.exe
 0001:0002069c       __imp_load_?SlowGetAlignedPointerFromInternalField@Object@v8@@AAEPAXH@Z 1002169c f   node:node.exe
 0001:000206a6       __imp_load_?InternalFieldCount@Object@v8@@QAEHXZ 100216a6 f   node:node.exe
 0001:000206b0       __imp_load_?Get@Object@v8@@QAE?AV?$Local@VValue@v8@@@2@V32@@Z 100216b0 f   node:node.exe
 0001:000206ba       __imp_load_?ThrowException@Isolate@v8@@QAE?AV?$Local@VValue@v8@@@2@V32@@Z 100216ba f   node:node.exe
 0001:000206c4       __imp_load_?GetCurrentContext@Isolate@v8@@QAE?AV?$Local@VContext@v8@@@2@XZ 100216c4 f   node:node.exe
 0001:000206ce       __imp_load_?GetCurrent@Isolate@v8@@SAPAV12@XZ 100216ce f   node:node.exe
 0001:000206d8       __imp_load__uv_queue_work  100216d8 f   node:node.exe
 0001:000206e2       __imp_load_?ToObject@Value@v8@@QBE?AV?$Local@VObject@v8@@@2@XZ 100216e2 f   node:node.exe
 0001:000206ec       __imp_load_?ToString@Value@v8@@QBE?AV?$Local@VString@v8@@@2@XZ 100216ec f   node:node.exe
 0001:000206f6       __imp_load_?ToBoolean@Value@v8@@QBE?AV?$Local@VBoolean@v8@@@2@XZ 100216f6 f   node:node.exe
 0001:00020700       __imp_load_??1EscapableHandleScope@v8@@QAE@XZ 10021700 f   node:node.exe
 0001:0002070a       __imp_load__node_module_register 1002170a f   node:node.exe
 0001:00020714       __imp_load_?New@Signature@v8@@SA?AV?$Local@VSignature@v8@@@2@PAVIsolate@2@V?$Local@VFunctionTemplate@v8@@@2@@Z 10021714 f   node:node.exe
 0001:0002071e       __imp_load_?ClearWeak@V8@v8@@CAPAXPAPAVObject@internal@2@@Z 1002171e f   node:node.exe
 0001:00020728       __imp_load_?MakeWeak@V8@v8@@CAXPAPAVObject@internal@2@PAXP6AXABV?$WeakCallbackInfo@X@2@@ZW4WeakCallbackType@2@@Z 10021728 f   node:node.exe
 0001:00020732       __imp_load_?IsArray@Value@v8@@QBE_NXZ 10021732 f   node:node.exe
 0001:0002073c       __imp_load_?SetClassName@FunctionTemplate@v8@@QAEXV?$Local@VString@v8@@@2@@Z 1002173c f   node:node.exe
 0001:00020746       __imp_load_?PrototypeTemplate@FunctionTemplate@v8@@QAE?AV?$Local@VObjectTemplate@v8@@@2@XZ 10021746 f   node:node.exe
 0001:00020750       __imp_load_?InstanceTemplate@FunctionTemplate@v8@@QAE?AV?$Local@VObjectTemplate@v8@@@2@XZ 10021750 f   node:node.exe
 0001:0002075a       __imp_load_?GetFunction@FunctionTemplate@v8@@QAE?AV?$Local@VFunction@v8@@@2@XZ 1002175a f   node:node.exe
 0001:00020764       __imp_load_?New@FunctionTemplate@v8@@SA?AV?$Local@VFunctionTemplate@v8@@@2@PAVIsolate@2@P6AXABV?$FunctionCallbackInfo@VValue@v8@@@2@@ZV?$Local@VValue@v8@@@2@V?$Local@VSignature@v8@@@2@HW4ConstructorBehavior@2@@Z 10021764 f   node:node.exe
 0001:0002076e       __imp_load_?New@Array@v8@@SA?AV?$Local@VArray@v8@@@2@PAVIsolate@2@H@Z 1002176e f   node:node.exe
 0001:00020778       __imp_load_?Length@Array@v8@@QBEIXZ 10021778 f   node:node.exe
 0001:00020782       __imp_load_?CreateHandle@HandleScope@v8@@CAPAPAVObject@internal@2@PAVHeapObject@42@PAV342@@Z 10021782 f   node:node.exe
 0001:0002078c       __imp_load_?SlowGetInternalField@Object@v8@@AAE?AV?$Local@VValue@v8@@@2@H@Z 1002178c f   node:node.exe
 0001:00020796       __imp_load_?SetAlignedPointerInInternalField@Object@v8@@QAEXHPAX@Z 10021796 f   node:node.exe
 0001:000207a0       __imp_load_?SetInternalField@Object@v8@@QAEXHV?$Local@VValue@v8@@@2@@Z 100217a0 f   node:node.exe
 0001:000207aa       __imp_load_?Get@Object@v8@@QAE?AV?$Local@VValue@v8@@@2@I@Z 100217aa f   node:node.exe
 0001:000207b4       __imp_load_?Set@Object@v8@@QAE?AV?$Maybe@_N@2@V?$Local@VContext@v8@@@2@V?$Local@VValue@v8@@@2@1@Z 100217b4 f   node:node.exe
 0001:000207be       __imp_load_?Set@Template@v8@@QAEXV?$Local@VName@v8@@@2@V?$Local@VData@v8@@@2@W4PropertyAttribute@2@@Z 100217be f   node:node.exe
 0001:000207c8       __imp_load_?SetInternalFieldCount@ObjectTemplate@v8@@QAEXH@Z 100217c8 f   node:node.exe
 0001:000207d2       __imp_load_?SetAccessor@ObjectTemplate@v8@@QAEXV?$Local@VName@v8@@@2@P6AX0ABV?$PropertyCallbackInfo@VValue@v8@@@2@@ZP6AX0V?$Local@VValue@v8@@@2@ABV?$PropertyCallbackInfo@X@2@@Z3W4AccessControl@2@W4PropertyAttribute@2@V?$Local@VAccessorSignature@v8@@@2@@Z 100217d2 f   node:node.exe
 0001:000207dc       __imp_load_?NewInstance@ObjectTemplate@v8@@QAE?AV?$MaybeLocal@VObject@v8@@@2@V?$Local@VContext@v8@@@2@@Z 100217dc f   node:node.exe
 0001:000207e6       __imp_load_?New@ObjectTemplate@v8@@SA?AV?$Local@VObjectTemplate@v8@@@2@PAVIsolate@2@V?$Local@VFunctionTemplate@v8@@@2@@Z 100217e6 f   node:node.exe
 0001:000207f0       __imp_load_?NewFromUnsigned@Integer@v8@@SA?AV?$Local@VInteger@v8@@@2@PAVIsolate@2@I@Z 100217f0 f   node:node.exe
 0001:000207fa       __imp_load_?New@Integer@v8@@SA?AV?$Local@VInteger@v8@@@2@PAVIsolate@2@H@Z 100217fa f   node:node.exe
 0001:00020804       __imp_load_?Value@External@v8@@QBEPAXXZ 10021804 f   node:node.exe
 0001:0002080e       __imp_load_?New@External@v8@@SA?AV?$Local@VExternal@v8@@@2@PAVIsolate@2@PAX@Z 1002180e f   node:node.exe
 0001:00020818       __imp_load_?GetFunction@FunctionTemplate@v8@@QAE?AV?$MaybeLocal@VFunction@v8@@@2@V?$Local@VContext@v8@@@2@@Z 10021818 f   node:node.exe
 0001:00020822       __imp_load_?NewInstance@Function@v8@@QBE?AV?$MaybeLocal@VObject@v8@@@2@V?$Local@VContext@v8@@@2@@Z 10021822 f   node:node.exe
 0001:0002082c       __imp_load_?Length@Buffer@node@@YAIV?$Local@VObject@v8@@@v8@@@Z 1002182c f   node:node.exe
 0001:00020836       __imp_load_?Data@Buffer@node@@YAPADV?$Local@VObject@v8@@@v8@@@Z 10021836 f   node:node.exe
 0001:00020840       __imp_load_?HasInstance@Buffer@node@@YA_NV?$Local@VValue@v8@@@v8@@@Z 10021840 f   node:node.exe
 0001:0002084a       __imp_load_?Copy@Buffer@node@@YA?AV?$MaybeLocal@VObject@v8@@@v8@@PAVIsolate@4@PBDI@Z 1002184a f   node:node.exe
 0001:00020854       __imp_load_?New@Date@v8@@SA?AV?$MaybeLocal@VValue@v8@@@2@V?$Local@VContext@v8@@@2@N@Z 10021854 f   node:node.exe
 0001:0002085e       __imp_load_?NumberValue@Value@v8@@QBENXZ 1002185e f   node:node.exe
 0001:00020868       __imp_load_?ToInteger@Value@v8@@QBE?AV?$MaybeLocal@VInteger@v8@@@2@V?$Local@VContext@v8@@@2@@Z 10021868 f   node:node.exe
 0001:00020872       __imp_load_?IsDate@Value@v8@@QBE_NXZ 10021872 f   node:node.exe
 0001:0002087c       __imp_load_?New@Number@v8@@SA?AV?$Local@VNumber@v8@@@2@PAVIsolate@2@N@Z 1002187c f   node:node.exe
 0001:00020886       __imp_load_?New@Object@v8@@SA?AV?$Local@VObject@v8@@@2@PAVIsolate@2@@Z 10021886 f   node:node.exe
 0001:00020890       __imp_load_?GetOwnPropertyNames@Object@v8@@QAE?AV?$Local@VArray@v8@@@2@XZ 10021890 f   node:node.exe
 0001:0002089a       __imp_load_?Get@Object@v8@@QAE?AV?$MaybeLocal@VValue@v8@@@2@V?$Local@VContext@v8@@@2@I@Z 1002189a f   node:node.exe
 0001:000208a4       __imp_load_?DefineOwnProperty@Object@v8@@QAE?AV?$Maybe@_N@2@V?$Local@VContext@v8@@@2@V?$Local@VName@v8@@@2@V?$Local@VValue@v8@@@2@W4PropertyAttribute@2@@Z 100218a4 f   node:node.exe
 0001:000208ae       __imp_load_?Set@Object@v8@@QAE?AV?$Maybe@_N@2@V?$Local@VContext@v8@@@2@IV?$Local@VValue@v8@@@2@@Z 100218ae f   node:node.exe
 0001:000208b8       __imp_load_?Call@Function@v8@@QAE?AV?$Local@VValue@v8@@@2@V32@HQAV32@@Z 100218b8 f   node:node.exe
 0001:000208c2       __imp_load_?HasInstance@FunctionTemplate@v8@@QAE_NV?$Local@VValue@v8@@@2@@Z 100218c2 f   node:node.exe
 0001:000208cc       __imp_load_?Length@String@v8@@QBEHXZ 100218cc f   node:node.exe
 0001:000208d6       ??0bad_alloc@std@@QAE@ABV01@@Z 100218d6 f i libcpmt:xthrow.obj
 0001:000208f1       ??0length_error@std@@QAE@ABV01@@Z 100218f1 f i libcpmt:xthrow.obj
 0001:0002090c       ??0logic_error@std@@QAE@ABV01@@Z 1002190c f i libcpmt:xthrow.obj
 0001:00020927       ??0out_of_range@std@@QAE@ABV01@@Z 10021927 f i libcpmt:xthrow.obj
 0001:00020942       ??1bad_alloc@std@@UAE@XZ   10021942 f i libcpmt:xthrow.obj
 0001:0002094d       ??1out_of_range@std@@UAE@XZ 1002194d f i libcpmt:xthrow.obj
 0001:0002094d       ??1length_error@std@@UAE@XZ 1002194d f i libcpmt:xthrow.obj
 0001:00020952       ??_Gbad_alloc@std@@UAEPAXI@Z 10021952 f i libcpmt:xthrow.obj
 0001:00020952       ??_Ebad_alloc@std@@UAEPAXI@Z 10021952 f i libcpmt:xthrow.obj
 0001:00020977       ??_Gout_of_range@std@@UAEPAXI@Z 10021977 f i libcpmt:xthrow.obj
 0001:00020977       ??_Glogic_error@std@@UAEPAXI@Z 10021977 f i libcpmt:xthrow.obj
 0001:00020977       ??_Elength_error@std@@UAEPAXI@Z 10021977 f i libcpmt:xthrow.obj
 0001:00020977       ??_Glength_error@std@@UAEPAXI@Z 10021977 f i libcpmt:xthrow.obj
 0001:00020977       ??_Elogic_error@std@@UAEPAXI@Z 10021977 f i libcpmt:xthrow.obj
 0001:00020977       ??_Eout_of_range@std@@UAEPAXI@Z 10021977 f i libcpmt:xthrow.obj
 0001:00020996       ?_Xbad_alloc@std@@YAXXZ    10021996 f   libcpmt:xthrow.obj
 0001:000209c7       ?_Xlength_error@std@@YAXPBD@Z 100219c7 f   libcpmt:xthrow.obj
 0001:000209f5       ?_Xout_of_range@std@@YAXPBD@Z 100219f5 f   libcpmt:xthrow.obj
 0001:00020a23       ??_U@YAPAXI@Z              10021a23 f   libcpmt:newaop.obj
 0001:00020a2c       @__security_check_cookie@4 10021a2c f   LIBCMT:secchk.obj
 0001:00020a40       _memmove                   10021a40 f   LIBCMT:memmove.obj
 0001:00021084       ??_M@YGXPAXIHP6EX0@Z@Z     10022084 f   LIBCMT:ehvecdtr.obj
 0001:000210f3       ?__ArrayUnwind@@YGXPAXIHP6EX0@Z@Z 100220f3 f   LIBCMT:ehvecdtr.obj
 0001:00021151       __wassert                  10022151 f   LIBCMT:wassert.obj
 0001:000217f5       ___onexitinit              100227f5 f   LIBCMT:onexit.obj
 0001:00021824       __onexit                   10022824 f   LIBCMT:onexit.obj
 0001:00021920       _atexit                    10022920 f   LIBCMT:onexit.obj
 0001:00021935       ??_V@YAXPAX@Z              10022935 f   LIBCMT:delete2.obj
 0001:0002193a       ??3@YAXPAX@Z               1002293a f   LIBCMT:delete.obj
 0001:0002193f       ??2@YAPAXI@Z               1002293f f   LIBCMT:new.obj
 0001:00021990       ??_L@YGXPAXIHP6EX0@Z1@Z    10022990 f   LIBCMT:ehvecctr.obj
 0001:000219f2       ___raise_securityfailure   100229f2 f   LIBCMT:gs_report.obj
 0001:00021a2f       ___report_gsfailure        10022a2f f   LIBCMT:gs_report.obj
 0001:00021b2a       ___report_rangecheckfailure 10022b2a f   LIBCMT:gs_report.obj
 0001:00021b36       ___report_securityfailure  10022b36 f   LIBCMT:gs_report.obj
 0001:00021c10       _strncpy                   10022c10 f   LIBCMT:strncpy.obj
 0001:00021d34       __time64                   10022d34 f   LIBCMT:time64.obj
 0001:00021d85       _sprintf                   10022d85 f   LIBCMT:sprintf.obj
 0001:00021e09       __dclass                   10022e09 f   LIBCMT:nan.obj
 0001:00021e18       ___initstdio               10022e18 f   LIBCMT:_file.obj
 0001:00021e8b       ___endstdio                10022e8b f   LIBCMT:_file.obj
 0001:00021eb2       ___iob_func                10022eb2 f   LIBCMT:_file.obj
 0001:00021eb8       __lock_file                10022eb8 f   LIBCMT:_file.obj
 0001:00021ef7       __lock_file2               10022ef7 f   LIBCMT:_file.obj
 0001:00021f27       __unlock_file              10022f27 f   LIBCMT:_file.obj
 0001:00021f61       __unlock_file2             10022f61 f   LIBCMT:_file.obj
 0001:00021f8e       ??0_LocaleUpdate@@QAE@PAUlocaleinfo_struct@@@Z 10022f8e f i LIBCMT:strtol.obj
 0001:0002223c       _strtol                    1002323c f   LIBCMT:strtol.obj
 0001:00022266       _vfprintf                  10023266 f   LIBCMT:vfprintf.obj
 0001:00022283       _vfprintf_helper           10023283 f   LIBCMT:vfprintf.obj
 0001:00022394       __getenv_helper_nolock     10023394 f   LIBCMT:getenv.obj
 0001:00022418       _getenv                    10023418 f   LIBCMT:getenv.obj
 0001:000224a0       _strncat                   100234a0 f   LIBCMT:strncat.obj
 0001:000225d5       _free                      100235d5 f   LIBCMT:free.obj
 0001:0002260d       __isdigit_l                1002360d f i LIBCMT:_ctype.obj
 0001:0002265f       __isspace_l                1002365f f i LIBCMT:_ctype.obj
 0001:000226b1       _isdigit                   100236b1 f i LIBCMT:_ctype.obj
 0001:000226dc       _isspace                   100236dc f i LIBCMT:_ctype.obj
 0001:00022707       _malloc                    10023707 f   LIBCMT:malloc.obj
 0001:000227a0       _strchr                    100237a0 f   LIBCMT:strchr.obj
 0001:0002280e       ___from_strstr_to_strchr   1002380e     LIBCMT:strchr.obj
 0001:000228cb       __snprintf                 100238cb f   LIBCMT:snprintf.obj
 0001:00022977       __fsopen                   10023977 f   LIBCMT:fopen.obj
 0001:00022a3b       _fopen                     10023a3b f   LIBCMT:fopen.obj
 0001:00022a50       __fread_nolock_s           10023a50 f   LIBCMT:fread.obj
 0001:00022c15       _fread                     10023c15 f   LIBCMT:fread.obj
 0001:00022c30       _fread_s                   10023c30 f   LIBCMT:fread.obj
 0001:00022cd0       _strrchr                   10023cd0 f   LIBCMT:strrchr.obj
 0001:00022e07       _realloc                   10023e07 f   LIBCMT:realloc.obj
 0001:00022eb2       __fseek_nolock             10023eb2 f   LIBCMT:fseek.obj
 0001:00022f41       _fseek                     10023f41 f   LIBCMT:fseek.obj
 0001:00022fc4       __fclose_nolock            10023fc4 f   LIBCMT:fclose.obj
 0001:00023030       _fclose                    10024030 f   LIBCMT:fclose.obj
 0001:000230b0       _strncmp                   100240b0 f   LIBCMT:strncmp.obj
 0001:00023128       _calloc                    10024128 f   LIBCMT:calloc.obj
 0001:00023168       ___ascii_stricmp           10024168 f   LIBCMT:stricmp.obj
 0001:000231a1       __stricmp                  100241a1 f   LIBCMT:stricmp.obj
 0001:000231e8       __stricmp_l                100241e8 f   LIBCMT:stricmp.obj
 0001:0002327d       __CRT_INIT@12              1002427d f   LIBCMT:dllcrt0.obj
 0001:000233ef       __DllMainCRTStartup@12     100243ef f   LIBCMT:dllcrt0.obj
 0001:00023520       ___DllXcptFilter           10024520 f   LIBCMT:dllcrt0.obj
 0001:00023550       _memcpy                    10024550 f   LIBCMT:memcpy.obj
 0001:00023ba0       _strlen                    10024ba0 f   LIBCMT:strlen.obj
 0001:00023c2b       __CxxThrowException@8      10024c2b f   LIBCMT:throw.obj
 0001:00023c8e       __EH_prolog3_catch         10024c8e f   LIBCMT:ehprolg3.obj
 0001:00023d94       ?_CallCatchBlock2@@YAPAXPAUEHRegistrationNode@@PBU_s_FuncInfo@@PAXHK@Z 10024d94 f   LIBCMT:_trnsctrl_.obj
 0001:00023df4       ?_CallMemberFunction2@@YGXPAX00H@Z 10024df4 f   LIBCMT:_trnsctrl_.obj
 0001:00023df4       ?_CallMemberFunction1@@YGXPAX00@Z 10024df4 f   LIBCMT:_trnsctrl_.obj
 0001:00023df4       ?_CallMemberFunction0@@YGXPAX0@Z 10024df4 f   LIBCMT:_trnsctrl_.obj
 0001:00023dfb       ?_CallSETranslator@@YAHPAUEHExceptionRecord@@PAUEHRegistrationNode@@PAX2PBU_s_FuncInfo@@H1@Z 10024dfb f   LIBCMT:_trnsctrl_.obj
 0001:00023ed2       ?_GetRangeOfTrysToCheck@@YAPBU_s_TryBlockMapEntry@@PBU_s_FuncInfo@@HHPAI1@Z 10024ed2 f   LIBCMT:_trnsctrl_.obj
 0001:00023f50       ?_JumpToContinuation@@YGXPAXPAUEHRegistrationNode@@@Z 10024f50 f   LIBCMT:_trnsctrl_.obj
 0001:00023f82       ?_UnwindNestedFrames@@YGXPAUEHRegistrationNode@@PAUEHExceptionRecord@@@Z 10024f82 f   LIBCMT:_trnsctrl_.obj
 0001:00023fd7       __CreateFrameInfo          10024fd7 f   LIBCMT:_trnsctrl_.obj
 0001:00024001       __FindAndUnlinkFrame       10025001 f   LIBCMT:_trnsctrl_.obj
 0001:00024051       __IsExceptionObjectToBeDestroyed 10025051 f   LIBCMT:_trnsctrl_.obj
 0001:0002407a       ___CxxFrameHandler3        1002507a f   LIBCMT:_trnsctrl_.obj
 0001:000240b0       ??1type_info@@UAE@XZ       100250b0 f   LIBCMT:typinfo.obj
 0001:000240be       ??8type_info@@QBE_NABV0@@Z 100250be f   LIBCMT:typinfo.obj
 0001:000240dc       ??_Etype_info@@UAEPAXI@Z   100250dc f i LIBCMT:typinfo.obj
 0001:000240dc       ??_Gtype_info@@UAEPAXI@Z   100250dc f i LIBCMT:typinfo.obj
 0001:000240fb       __fpmath                   100250fb f   LIBCMT:fpinit.obj
 0001:00024112       __cfltcvt_init             10025112 f   LIBCMT:fpinit.obj
 0001:00024172       ??0exception@std@@QAE@ABQBD@Z 10025172 f   LIBCMT:stdexcpt.obj
 0001:00024197       ??0exception@std@@QAE@ABQBDH@Z 10025197 f   LIBCMT:stdexcpt.obj
 0001:000241b2       ??0exception@std@@QAE@ABV01@@Z 100251b2 f   LIBCMT:stdexcpt.obj
 0001:000241d5       ??1exception@std@@UAE@XZ   100251d5 f   LIBCMT:stdexcpt.obj
 0001:000241e0       ??4exception@std@@QAEAAV01@ABV01@@Z 100251e0 f   LIBCMT:stdexcpt.obj
 0001:00024213       ??_Gexception@std@@UAEPAXI@Z 10025213 f i LIBCMT:stdexcpt.obj
 0001:00024213       ??_Eexception@std@@UAEPAXI@Z 10025213 f i LIBCMT:stdexcpt.obj
 0001:00024238       ?_Copy_str@exception@std@@AAEXPBD@Z 10025238 f   LIBCMT:stdexcpt.obj
 0001:00024276       ?_Tidy@exception@std@@AAEXXZ 10025276 f   LIBCMT:stdexcpt.obj
 0001:00024292       ?what@exception@std@@UBEPBDXZ 10025292 f   LIBCMT:stdexcpt.obj
 0001:0002429f       ___isa_available_init      1002529f f   LIBCMT:cpu_disp.obj
 0001:00024418       ?_inconsistency@@YAXXZ     10025418 f   LIBCMT:hooks.obj
 0001:00024450       ?terminate@@YAXXZ          10025450 f   LIBCMT:hooks.obj
 0001:00024484       ?unexpected@@YAXXZ         10025484 f   LIBCMT:hooks.obj
 0001:00024497       __initp_eh_hooks           10025497 f   LIBCMT:hooks.obj
 0001:000244b0       __SEH_prolog4              100254b0 f   LIBCMT:sehprolg4.obj
 0001:000244f5       __SEH_epilog4              100254f5 f   LIBCMT:sehprolg4.obj
 0001:00024510       __except_handler4          10025510 f   LIBCMT:chandler4.obj
 0001:000246a4       __call_reportfault         100256a4 f   LIBCMT:invarg.obj
 0001:000247c9       __initp_misc_invarg        100257c9 f   LIBCMT:invarg.obj
 0001:000247d6       __invalid_parameter        100257d6 f   LIBCMT:invarg.obj
 0001:00024801       __invalid_parameter_noinfo 10025801 f   LIBCMT:invarg.obj
 0001:00024811       __invoke_watson            10025811 f   LIBCMT:invarg.obj
 0001:0002483c       _memcpy_s                  1002583c f   LIBCMT:memcpy_s.obj
 0001:000248bb       _wcscat_s                  100258bb f   LIBCMT:wcscat_s.obj
 0001:00024927       _wcscpy_s                  10025927 f   LIBCMT:wcscpy_s.obj
 0001:00024983       _wcslen                    10025983 f   LIBCMT:wcslen.obj
 0001:0002499c       _wcsncat_s                 1002599c f   LIBCMT:wcsncat_s.obj
 0001:00024a6a       ___copy_path_to_wide_string 10025a6a f   LIBCMT:crt0dat.obj
 0001:00024b1c       ___crtCorExitProcess       10025b1c f   LIBCMT:crt0dat.obj
 0001:00024b50       ___crtExitProcess          10025b50 f   LIBCMT:crt0dat.obj
 0001:00024b66       ___freeCrtMemory           10025b66 f   LIBCMT:crt0dat.obj
 0001:00024c73       __amsg_exit                10025c73 f   LIBCMT:crt0dat.obj
 0001:00024c8f       __cexit                    10025c8f f   LIBCMT:crt0dat.obj
 0001:00024c9e       __cinit                    10025c9e f   LIBCMT:crt0dat.obj
 0001:00024d22       __exit                     10025d22 f   LIBCMT:crt0dat.obj
 0001:00024d36       __init_pointers            10025d36 f   LIBCMT:crt0dat.obj
 0001:00024da4       __initterm_e               10025da4 f   LIBCMT:crt0dat.obj
 0001:00024dc6       __lockexit                 10025dc6 f   LIBCMT:crt0dat.obj
 0001:00024dcf       __unlockexit               10025dcf f   LIBCMT:crt0dat.obj
 0001:00024f07       _abort                     10025f07 f   LIBCMT:abort.obj
 0001:00024f4a       __set_error_mode           10025f4a f   LIBCMT:errmode.obj
 0001:00024f8a       __itow_s                   10025f8a f   LIBCMT:xtows.obj
 0001:000250a6       __fflush_nolock            100260a6 f   LIBCMT:fflush.obj
 0001:000250ec       __flush                    100260ec f   LIBCMT:fflush.obj
 0001:00025150       __flushall                 10026150 f   LIBCMT:fflush.obj
 0001:00025159       _fflush                    10026159 f   LIBCMT:fflush.obj
 0001:00025296       _setvbuf                   10026296 f   LIBCMT:setvbuf.obj
 0001:0002539c       _fwprintf                  1002639c f   LIBCMT:fwprintf.obj
 0001:00025430       __vswprintf_c_l            10026430 f   LIBCMT:vswprnc.obj
 0001:00025458       __vswprintf_helper         10026458 f   LIBCMT:vswprnc.obj
 0001:00025553       ___get_sigabrt             10026553 f   LIBCMT:winsig.obj
 0001:00025560       __initp_misc_winsig        10026560 f   LIBCMT:winsig.obj
 0001:0002557c       _raise                     1002657c f   LIBCMT:winsig.obj
 0001:00025771       ___crtMessageBoxW          10026771 f   LIBCMT:crtmboxw.obj
 0001:00025957       __FF_MSGBANNER             10026957 f   LIBCMT:crt0msg.obj
 0001:00025990       __GET_RTERRMSG             10026990 f   LIBCMT:crt0msg.obj
 0001:000259b4       __NMSG_WRITE               100269b4 f   LIBCMT:crt0msg.obj
 0001:00025b71       __msize                    10026b71 f   LIBCMT:msize.obj
 0001:00025ba2       __calloc_crt               10026ba2 f   LIBCMT:crtheap.obj
 0001:00025bea       __malloc_crt               10026bea f   LIBCMT:crtheap.obj
 0001:00025c31       __realloc_crt              10026c31 f   LIBCMT:crtheap.obj
 0001:00025c7b       __recalloc_crt             10026c7b f   LIBCMT:crtheap.obj
 0001:00025cc9       __initp_misc_purevirt      10026cc9 f   LIBCMT:inithelp.obj
 0001:00025ce0       __CIsqrt                   10026ce0 f   LIBCMT:sqrt.obj
 0001:00025cf4       _sqrt                      10026cf4     LIBCMT:sqrt.obj
 0001:00025d9a       __decomp                   10026d9a f   LIBCMT:util.obj
 0001:00025e6c       __set_exp                  10026e6c f   LIBCMT:util.obj
 0001:00025e9b       __errcode                  10026e9b f   LIBCMT:fpexcept.obj
 0001:00025ecd       __except1                  10026ecd f   LIBCMT:fpexcept.obj
 0001:00025f95       __handle_exc               10026f95 f   LIBCMT:fpexcept.obj
 0001:00026173       __raise_exc                10027173 f   LIBCMT:fpexcept.obj
 0001:00026194       __raise_exc_ex             10027194 f   LIBCMT:fpexcept.obj
 0001:00026479       __set_errno_from_matherr   10027479 f   LIBCMT:fpexcept.obj
 0001:000264a6       __umatherr                 100274a6 f   LIBCMT:fpexcept.obj
 0001:00026546       ___set_fpsr_sse2           10027546 f   LIBCMT:fpctrl.obj
 0001:000265bc       __clrfp                    100275bc f   LIBCMT:fpctrl.obj
 0001:000265cd       __ctrlfp                   100275cd f   LIBCMT:fpctrl.obj
 0001:000265f8       __set_statfp               100275f8 f   LIBCMT:fpctrl.obj
 0001:00026650       __statfp                   10027650 f   LIBCMT:fpctrl.obj
 0001:00026660       __callnewh                 10027660 f   LIBCMT:handler.obj
 0001:00026686       __initp_heap_handler       10027686 f   LIBCMT:handler.obj
[...]
 0002:0000ada0       __unwindtable$?ProcessVars@njsConnection@@CA_NPAVnjsBaton@@PAVnjsVariable@@II@Z 10041da0     njsConnection.obj
 0002:0000adb0       __ehfuncinfo$?ProcessVars@njsConnection@@CA_NPAVnjsBaton@@PAVnjsVariable@@II@Z 10041db0     njsConnection.obj
 0002:0000add4       __unwindtable$?GetMetaData@njsConnection@@SA?AV?$Local@VValue@v8@@@v8@@PAVnjsVariable@@I_N@Z 10041dd4     njsConnection.obj
 0002:0000addc       __ehfuncinfo$?GetMetaData@njsConnection@@SA?AV?$Local@VValue@v8@@@v8@@PAVnjsVariable@@I_N@Z 10041ddc     njsConnection.obj
 0002:0000ae00       __unwindtable$?GetRows@njsConnection@@SA_NPAVnjsBaton@@AAV?$Local@VObject@v8@@@v8@@@Z 10041e00     njsConnection.obj
 0002:0000ae08       __ehfuncinfo$?GetRows@njsConnection@@SA_NPAVnjsBaton@@AAV?$Local@VObject@v8@@@v8@@@Z 10041e08     njsConnection.obj
 0002:0000ae2c       __unwindtable$?ProcessBinds@njsConnection@@CA_NABV?$FunctionCallbackInfo@VValue@v8@@@Nan@@IPAVnjsBaton@@@Z 10041e2c     njsConnection.obj
 0002:0000ae34       __ehfuncinfo$?ProcessBinds@njsConnection@@CA_NABV?$FunctionCallbackInfo@VValue@v8@@@Nan@@IPAVnjsBaton@@@Z 10041e34     njsConnection.obj
 0002:0000ae58       __unwindtable$?ProcessBindsByName@njsConnection@@CA_NV?$Local@VObject@v8@@@v8@@PAVnjsBaton@@@Z 10041e58     njsConnection.obj
 0002:0000ae78       __ehfuncinfo$?ProcessBindsByName@njsConnection@@CA_NV?$Local@VObject@v8@@@v8@@PAVnjsBaton@@@Z 10041e78     njsConnection.obj
 0002:0000ae9c       __unwindtable$?ProcessBindsByPos@njsConnection@@CA_NV?$Local@VArray@v8@@@v8@@PAVnjsBaton@@@Z 10041e9c     njsConnection.obj
 0002:0000aeac       __ehfuncinfo$?ProcessBindsByPos@njsConnection@@CA_NV?$Local@VArray@v8@@@v8@@PAVnjsBaton@@@Z 10041eac     njsConnection.obj
 0002:0000aed0       __unwindtable$?ProcessBind@njsConnection@@CA_NV?$Local@VValue@v8@@@v8@@PAVnjsVariable@@_NPAVnjsBaton@@@Z 10041ed0     njsConnection.obj
 0002:0000aee8       __ehfuncinfo$?ProcessBind@njsConnection@@CA_NV?$Local@VValue@v8@@@v8@@PAVnjsVariable@@_NPAVnjsBaton@@@Z 10041ee8     njsConnection.obj
 0002:0000af0c       __unwindtable$?ProcessBindValue@njsConnection@@CA_NV?$Local@VValue@v8@@@v8@@PAVnjsVariable@@PAVnjsBaton@@@Z 10041f0c     njsConnection.obj
 0002:0000af14       __ehfuncinfo$?ProcessBindValue@njsConnection@@CA_NV?$Local@VValue@v8@@@v8@@PAVnjsVariable@@PAVnjsBaton@@@Z 10041f14     njsConnection.obj
 0002:0000af38       __unwindtable$?ProcessScalarBindValue@njsConnection@@CA_NV?$Local@VValue@v8@@@v8@@PAVnjsVariable@@IPAVnjsBaton@@@Z 10041f38     njsConnection.obj
 0002:0000af48       __ehfuncinfo$?ProcessScalarBindValue@njsConnection@@CA_NV?$Local@VValue@v8@@@v8@@PAVnjsVariable@@IPAVnjsBaton@@@Z 10041f48     njsConnection.obj
 0002:0000af6c       __unwindtable$?GetBindTypeAndSizeFromValue@njsConnection@@CA_NPAVnjsVariable@@V?$Local@VValue@v8@@@v8@@PAI2PAVnjsBaton@@_N@Z 10041f6c     njsConnection.obj
 0002:0000af74       __ehfuncinfo$?GetBindTypeAndSizeFromValue@njsConnection@@CA_NPAVnjsVariable@@V?$Local@VValue@v8@@@v8@@PAI2PAVnjsBaton@@_N@Z 10041f74     njsConnection.obj
 0002:0000af98       __unwindtable$?ProcessOptions@njsConnection@@CA_NABV?$FunctionCallbackInfo@VValue@v8@@@Nan@@IPAVnjsBaton@@@Z 10041f98     njsConnection.obj
 0002:0000afb0       __ehfuncinfo$?ProcessOptions@njsConnection@@CA_NABV?$FunctionCallbackInfo@VValue@v8@@@Nan@@IPAVnjsBaton@@@Z 10041fb0     njsConnection.obj
 0002:0000afd4       __unwindtable$?GetScalarValueFromVar@njsConnection@@CA_NPAVnjsBaton@@PAVnjsVariable@@IAAV?$Local@VValue@v8@@@v8@@@Z 10041fd4     njsConnection.obj
 0002:0000afdc       __ehfuncinfo$?GetScalarValueFromVar@njsConnection@@CA_NPAVnjsBaton@@PAVnjsVariable@@IAAV?$Local@VValue@v8@@@v8@@@Z 10041fdc     njsConnection.obj
 0002:0000b000       __unwindtable$?GetValueFromVar@njsConnection@@CA_NPAVnjsBaton@@PAVnjsVariable@@AAV?$Local@VValue@v8@@@v8@@@Z 10042000     njsConnection.obj
 0002:0000b000       __unwindtable$?CreateFromRefCursor@njsResultSet@@SA_NPAVnjsBaton@@PAUdpiStmt@@PAVnjsVariable@@IAAV?$Local@VValue@v8@@@v8@@@Z 10042000     njsResultSet.obj
 0002:0000b008       __ehfuncinfo$?GetValueFromVar@njsConnection@@CA_NPAVnjsBaton@@PAVnjsVariable@@AAV?$Local@VValue@v8@@@v8@@@Z 10042008     njsConnection.obj
 0002:0000b008       __ehfuncinfo$?CreateFromRefCursor@njsResultSet@@SA_NPAVnjsBaton@@PAUdpiStmt@@PAVnjsVariable@@IAAV?$Local@VValue@v8@@@v8@@@Z 10042008     njsResultSet.obj
 0002:0000b02c       __unwindtable$?GetOutBinds@njsConnection@@CA?AV?$Local@VValue@v8@@@v8@@PAVnjsBaton@@@Z 1004202c     njsConnection.obj
 0002:0000b034       __ehfuncinfo$?GetOutBinds@njsConnection@@CA?AV?$Local@VValue@v8@@@v8@@PAVnjsBaton@@@Z 10042034     njsConnection.obj
 0002:0000b058       __unwindtable$?SetTextAttribute@njsConnection@@CAXABV?$PropertyCallbackInfo@X@Nan@@PBDV?$Local@VValue@v8@@@v8@@P6AHPAUdpiConn@@1I@Z@Z 10042058     njsConnection.obj
 0002:0000b070       __ehfuncinfo$?SetTextAttribute@njsConnection@@CAXABV?$PropertyCallbackInfo@X@Nan@@PBDV?$Local@VValue@v8@@@v8@@P6AHPAUdpiConn@@1I@Z@Z 10042070     njsConnection.obj
 0002:0000b094       __unwindtable$?Execute@njsConnection@@CAXABV?$FunctionCallbackInfo@VValue@v8@@@Nan@@@Z 10042094     njsConnection.obj
 0002:0000b0a4       __ehfuncinfo$?Execute@njsConnection@@CAXABV?$FunctionCallbackInfo@VValue@v8@@@Nan@@@Z 100420a4     njsConnection.obj
 0002:0000b0c8       __unwindtable$?Async_Execute@njsConnection@@CAXPAVnjsBaton@@@Z 100420c8     njsConnection.obj
 0002:0000b0d0       __ehfuncinfo$?Async_Execute@njsConnection@@CAXPAVnjsBaton@@@Z 100420d0     njsConnection.obj
 0002:0000b0f4       __unwindtable$?Async_AfterExecute@njsConnection@@CAXPAVnjsBaton@@QAV?$Local@VValue@v8@@@v8@@@Z 100420f4     njsConnection.obj
 0002:0000b104       __ehfuncinfo$?Async_AfterExecute@njsConnection@@CAXPAVnjsBaton@@QAV?$Local@VValue@v8@@@v8@@@Z 10042104     njsConnection.obj
 0002:0000b128       __unwindtable$?CreateLob@njsConnection@@CAXABV?$FunctionCallbackInfo@VValue@v8@@@Nan@@@Z 10042128     njsConnection.obj
 0002:0000b130       __ehfuncinfo$?CreateLob@njsConnection@@CAXABV?$FunctionCallbackInfo@VValue@v8@@@Nan@@@Z 10042130     njsConnection.obj
 0002:0000b154       __unwindtable$?Async_AfterCreateLob@njsConnection@@CAXPAVnjsBaton@@QAV?$Local@VValue@v8@@@v8@@@Z 10042154     njsConnection.obj
 0002:0000b15c       __ehfuncinfo$?Async_AfterCreateLob@njsConnection@@CAXPAVnjsBaton@@QAV?$Local@VValue@v8@@@v8@@@Z 1004215c     njsConnection.obj
 0002:0000b180       __unwindtable$??$?HDU?$char_traits@D@std@@V?$allocator@D@1@@std@@YA?AV?$basic_string@DU?$char_traits@D@std@@V?$allocator@D@2@@0@PBDABV10@@Z 10042180     njsConnection.obj
 0002:0000b188       __ehfuncinfo$??$?HDU?$char_traits@D@std@@V?$allocator@D@1@@std@@YA?AV?$basic_string@DU?$char_traits@D@std@@V?$allocator@D@2@@0@PBDABV10@@Z 10042188     njsConnection.obj
 0002:0000b1ac       __unwindtable$??1njsResultSet@@EAE@XZ 100421ac     njsResultSet.obj
 0002:0000b1c4       __ehfuncinfo$??1njsResultSet@@EAE@XZ 100421c4     njsResultSet.obj
 0002:0000b1e8       __unwindtable$?CreateFromBaton@njsResultSet@@SA?AV?$Local@VObject@v8@@@v8@@PAVnjsBaton@@@Z 100421e8     njsResultSet.obj
 0002:0000b1f0       __ehfuncinfo$?CreateFromBaton@njsResultSet@@SA?AV?$Local@VObject@v8@@@v8@@PAVnjsBaton@@@Z 100421f0     njsResultSet.obj
 0002:0000b214       __unwindtable$?GetRows@njsResultSet@@CAXABV?$FunctionCallbackInfo@VValue@v8@@@Nan@@@Z 10042214     njsResultSet.obj
 0002:0000b21c       __ehfuncinfo$?GetRows@njsResultSet@@CAXABV?$FunctionCallbackInfo@VValue@v8@@@Nan@@@Z 1004221c     njsResultSet.obj
 0002:0000b240       __unwindtable$?Async_AfterGetRows@njsResultSet@@CAXPAVnjsBaton@@QAV?$Local@VValue@v8@@@v8@@@Z 10042240     njsResultSet.obj
 0002:0000b248       __ehfuncinfo$?Async_AfterGetRows@njsResultSet@@CAXPAVnjsBaton@@QAV?$Local@VValue@v8@@@v8@@@Z 10042248     njsResultSet.obj
 0002:0000b26c       __unwindtable$?Get@njsMessages@@SA?AV?$basic_string@DU?$char_traits@D@std@@V?$allocator@D@2@@std@@HZZ 1004226c     njsMessages.obj
 0002:0000b274       __ehfuncinfo$?Get@njsMessages@@SA?AV?$basic_string@DU?$char_traits@D@std@@V?$allocator@D@2@@std@@HZZ 10042274     njsMessages.obj
 0002:0000b298       __unwindtable$??_GnjsILob@@EAEPAXI@Z 10042298     njsIntLob.obj
 0002:0000b2a0       __ehfuncinfo$??_GnjsILob@@EAEPAXI@Z 100422a0     njsIntLob.obj
 0002:0000b2c4       __unwindtable$?CreateFromProtoLob@njsILob@@SA?AV?$Local@VObject@v8@@@v8@@PAVnjsProtoILob@@@Z 100422c4     njsIntLob.obj
 0002:0000b2cc       __ehfuncinfo$?CreateFromProtoLob@njsILob@@SA?AV?$Local@VObject@v8@@@v8@@PAVnjsProtoILob@@@Z 100422cc     njsIntLob.obj
 0002:0000b2f0       __unwindtable$?GetIsValid@njsILob@@CAXV?$Local@VString@v8@@@v8@@ABV?$PropertyCallbackInfo@VValue@v8@@@Nan@@@Z 100422f0     njsIntLob.obj
 0002:0000b2f8       __ehfuncinfo$?GetIsValid@njsILob@@CAXV?$Local@VString@v8@@@v8@@ABV?$PropertyCallbackInfo@VValue@v8@@@Nan@@@Z 100422f8     njsIntLob.obj
 0002:0000b408       __sehtable$??_M@YGXPAXIHP6EX0@Z@Z 10042408     LIBCMT:ehvecdtr.obj
 0002:0000b428       __sehtable$?__ArrayUnwind@@YGXPAXIHP6EX0@Z@Z 10042428     LIBCMT:ehvecdtr.obj
 0002:0000b448       __sehtable$__onexit        10042448     LIBCMT:onexit.obj
 0002:0000b468       __sehtable$??_L@YGXPAXIHP6EX0@Z1@Z 10042468     LIBCMT:ehvecctr.obj
 0002:0000b488       __sehtable$_vfprintf_helper 10042488     LIBCMT:vfprintf.obj
 0002:0000b4a8       __sehtable$_getenv         100424a8     LIBCMT:getenv.obj
 0002:0000b4c8       __sehtable$__fsopen        100424c8     LIBCMT:fopen.obj
 0002:0000b4e8       __sehtable$_fread_s        100424e8     LIBCMT:fread.obj
 0002:0000b508       __sehtable$_fseek          10042508     LIBCMT:fseek.obj
 0002:0000b528       __sehtable$_fclose         10042528     LIBCMT:fclose.obj
 0002:0000b548       __sehtable$__CRT_INIT@12   10042548     LIBCMT:dllcrt0.obj
 0002:0000b568       __sehtable$___DllMainCRTStartup 10042568     LIBCMT:dllcrt0.obj
 0002:0000b588       __sehtable$?terminate@@YAXXZ 10042588     LIBCMT:hooks.obj
 0002:0000b5a8       __sehtable$?_inconsistency@@YAXXZ 100425a8     LIBCMT:hooks.obj
 0002:0000b5c8       __sehtable$_doexit         100425c8     LIBCMT:crt0dat.obj
 0002:0000b5e8       __sehtable$_fflush         100425e8     LIBCMT:fflush.obj
 0002:0000b608       __sehtable$_flsall         10042608     LIBCMT:fflush.obj
 0002:0000b630       __sehtable$_setvbuf        10042630     LIBCMT:setvbuf.obj
 0002:0000b650       __sehtable$_fwprintf       10042650     LIBCMT:fwprintf.obj
 0002:0000b670       __sehtable$_raise          10042670     LIBCMT:winsig.obj
 0002:0000b690       __sehtable$___set_fpsr_sse2 10042690     LIBCMT:fpctrl.obj
 0002:0000b6b0       __sehtable$__fcloseall     100426b0     LIBCMT:closeall.obj
 0002:0000b6d0       __sehtable$__mtinitlocknum 100426d0     LIBCMT:mlock.obj
 0002:0000b6f0       __sehtable$___updatetlocinfo 100426f0     LIBCMT:localref.obj
 0002:0000b710       __sehtable$___updatetmbcinfo 10042710     LIBCMT:mbctype.obj
 0002:0000b730       __sehtable$__setmbcp       10042730     LIBCMT:mbctype.obj
 0002:0000b750       __sehtable$__freefls@4     10042750     LIBCMT:tidtable.obj
 0002:0000b778       __sehtable$__initptd       10042778     LIBCMT:tidtable.obj
 0002:0000b7a0       __sehtable$__locterm       100427a0     LIBCMT:wsetloca.obj
 0002:0000b7c0       __sehtable$__ioinit        100427c0     LIBCMT:ioinit.obj
 0002:0000b7e0       __sehtable$__getstream     100427e0     LIBCMT:stream.obj
 0002:0000b800       __sehtable$__read          10042800     LIBCMT:read.obj
 0002:0000b820       __sehtable$__lseek         10042820     LIBCMT:lseek.obj
 0002:0000b840       __sehtable$__close         10042840     LIBCMT:close.obj
 0002:0000b860       __sehtable$___FrameUnwindToState 10042860     LIBCMT:frame.obj
 0002:0000b888       __sehtable$?CallCatchBlock@@YAPAXPAUEHExceptionRecord@@PAUEHRegistrationNode@@PAU_CONTEXT@@PBU_s_FuncInfo@@PAXHK@Z 10042888     LIBCMT:frame.obj
 0002:0000b8b0       __sehtable$___BuildCatchObject 100428b0     LIBCMT:frame.obj
 0002:0000b8d0       __sehtable$___DestructExceptionObject 100428d0     LIBCMT:frame.obj
 0002:0000b8ec       __catchsym$?CallUnexpected@@YAXPBU_s_ESTypeList@@@Z$2 100428ec     LIBCMT:frame.obj
 0002:0000b8fc       __unwindtable$?CallUnexpected@@YAXPBU_s_ESTypeList@@@Z 100428fc     LIBCMT:frame.obj
 0002:0000b90c       __tryblocktable$?CallUnexpected@@YAXPBU_s_ESTypeList@@@Z 1004290c     LIBCMT:frame.obj
 0002:0000b920       __ehfuncinfo$?CallUnexpected@@YAXPBU_s_ESTypeList@@@Z 10042920     LIBCMT:frame.obj
 0002:0000b948       __sehtable$___BuildCatchObjectHelper 10042948     LIBCMT:frame.obj
 0002:0000b9a0       __sehtable$?_Type_info_dtor@type_info@@CAXPAV1@@Z 100429a0     LIBCMT:typname.obj
 0002:0000b9c0       __sehtable$__IsNonwritableInCurrentImage 100429c0     LIBCMT:pesect.obj
 0002:0000b9e0       __sehtable$__commit        100429e0     LIBCMT:commit.obj
 0002:0000ba00       __sehtable$__write         10042a00     LIBCMT:write.obj
 0002:0000ba20       __sehtable$__lseeki64      10042a20     LIBCMT:lseeki64.obj
 0002:0000ba40       __sehtable$__sopen_helper  10042a40     LIBCMT:open.obj
 0002:0000ba60       __sehtable$__alloc_osfhnd  10042a60     LIBCMT:osfinfo.obj
 0002:0000ba88       __sehtable$___lock_fhandle 10042a88     LIBCMT:osfinfo.obj
 0002:0000d3c0       .edata                     100443c0     oracledb.exp
 0002:0000d3e8       rgpv                       100443e8     oracledb.exp
 0002:0000d3ec       rgszName                   100443ec     oracledb.exp
 0002:0000d3f0       rgwOrd                     100443f0     oracledb.exp
 0002:0000d3f2       szName                     100443f2     oracledb.exp
 0002:0000d400       $N00001                    10044400     oracledb.exp
 0002:0000d6b0       .idata$6                   100446b0     kernel32:KERNEL32.dll
 0003:00000000       __assertstring             10045000     LIBCMT:wassert.obj
 0003:00000050       _dotdotdot                 10045050     LIBCMT:wassert.obj
 0003:00000054       _newline                   10045054     LIBCMT:wassert.obj
 0003:00000058       _dblnewline                10045058     LIBCMT:wassert.obj
 0003:00000310       _NAME_                     10045310     LIBCMT:sqrt.obj
 0003:00000340       ?_names@?1??_get_fname@@9@9 10045340     LIBCMT:fpexcept.obj
 0003:00000428       _over                      10045428     LIBCMT:fpctrl.obj
 0003:00000434       _under                     10045434     LIBCMT:fpctrl.obj
 0003:00000440       ?__DAZ_ENABLED@?1??__set_fpsr_sse2@@9@9 10045440     LIBCMT:fpctrl.obj
 0003:00000444       ?isPackaged@?1??__crtIsPackagedApp@@9@9 10045444     LIBCMT:winapisupp.obj
 0003:00000458       _errtable                  10045458     LIBCMT:dosmap.obj
 0003:000005c0       _ErrnoNoMem                100455c0     LIBCMT:dosmap.obj
 0003:000005c4       _DoserrorNoMem             100455c4     LIBCMT:dosmap.obj
 0003:000005c8       __locktable                100455c8     LIBCMT:mlock.obj
 0003:00000b10       ___rgctypeflag             10045b10     LIBCMT:mbctype.obj
 0003:00000b18       ___rgcode_page_info        10045b18     LIBCMT:mbctype.obj
 0003:00000e44       __ctype_loc_style          10045e44     LIBCMT:wsetloca.obj
 0003:00001040       _DoubleFormat              10046040     LIBCMT:intrncvt.obj
 0003:00001058       _FloatFormat               10046058     LIBCMT:intrncvt.obj
 0003:00001350       __module                   10046350     njsOracle.obj
 0003:00001380       _dpiDebugPrefixFormat      10046380     dpiDebug.obj
 0003:00001604       _allocator_arg             10046604     libcpmt:syserror.obj
 0003:00001605       _piecewise_construct       10046605     libcpmt:syserror.obj
 0003:00001606       __Tuple_alloc              10046606     libcpmt:xthrow.obj
 0003:00001607       _ignore                    10046607     libcpmt:xthrow.obj
 0003:00001608       _allocator_arg             10046608     libcpmt:xthrow.obj
 0003:00001609       _piecewise_construct       10046609     libcpmt:xthrow.obj
 0003:00001610       _GS_ExceptionRecord        10046610     LIBCMT:gs_report.obj
 0003:00001660       _GS_ContextRecord          10046660     LIBCMT:gs_report.obj
 0003:0000192c       _DebuggerWasPresent        1004692c     LIBCMT:gs_report.obj
 0003:00001934       ___proc_attached           10046934     LIBCMT:dllcrt0.obj
 0003:0000198c       _ctrlc_action              1004698c     LIBCMT:winsig.obj
 0003:00001990       _ctrlbreak_action          10046990     LIBCMT:winsig.obj
 0003:00001994       _abort_action              10046994     LIBCMT:winsig.obj
 0003:00001998       _term_action               10046998     LIBCMT:winsig.obj
 0003:0000199c       _ConsoleCtrlHandler_Installed 1004699c     LIBCMT:winsig.obj
 0003:000019a0       ?pfnMessageBox@?1??__crtMessageBoxW@@9@9 100469a0     LIBCMT:crtmboxw.obj
 0003:000019a4       ?pfnGetActiveWindow@?1??__crtMessageBoxW@@9@9 100469a4     LIBCMT:crtmboxw.obj
 0003:000019a8       ?pfnGetLastActivePopup@?1??__crtMessageBoxW@@9@9 100469a8     LIBCMT:crtmboxw.obj
 0003:000019ac       ?pfnGetProcessWindowStation@?1??__crtMessageBoxW@@9@9 100469ac     LIBCMT:crtmboxw.obj
 0003:000019b0       ?pfnGetUserObjectInformation@?1??__crtMessageBoxW@@9@9 100469b0     LIBCMT:crtmboxw.obj
 0003:000019c0       ?outmsg@?9??_NMSG_WRITE@@9@9 100469c0     LIBCMT:crt0msg.obj
 0003:00001ff8       _lclcritsects              10046ff8     LIBCMT:mlock.obj
 0003:00002160       _fSystemSet                10047160     LIBCMT:mbctype.obj
 0003:00002278       ?_pgmname@?1??_setargv@@9@9 10047278     LIBCMT:stdargv.obj
 0003:00002384       ___type_info_root_node     10047384     LIBCMT:typname.obj
 0003:0000238c       _g_pfnRtlGenRandom         1004738c     LIBCMT:rand_s.obj
 0003:00002390       ___crtCallProc             10047390     LIBCMT:winapinls.obj
 0003:00002394       ___enable_percent_n        10047394     LIBCMT:printf.obj
 0003:000023cc       _heap                      100473cc     LIBCMT:undname.obj
 0003:00002414       _dpiDebugStream            10047414     dpiDebug.obj
 0003:00002418       _dpiGlobalInitialized      10047418     dpiGlobal.obj
 0003:0000241c       _dpiGlobalEnvHandle        1004741c     dpiGlobal.obj
 0003:00002420       _dpiGlobalThreadKey        10047420     dpiGlobal.obj
 0003:00002424       _dpiGlobalErrorHandle      10047424     dpiGlobal.obj
 0003:00002428       _dpiOciLibHandle           10047428     dpiOci.obj
 0003:0000242c       _allocator_arg             1004742c     njsCommon.obj
 0003:0000242d       _piecewise_construct       1004742d     njsCommon.obj
 0003:0000242e       _allocator_arg             1004742e     njsOracle.obj
 0003:0000242f       _piecewise_construct       1004742f     njsOracle.obj
 0003:00002438       _allocator_arg             10047438     njsPool.obj
 0003:00002439       _piecewise_construct       10047439     njsPool.obj
 0003:0000243a       _allocator_arg             1004743a     njsConnection.obj
 0003:0000243b       _piecewise_construct       1004743b     njsConnection.obj
 0003:00002444       _allocator_arg             10047444     njsResultSet.obj
 0003:00002445       _piecewise_construct       10047445     njsResultSet.obj
 0003:00002446       _allocator_arg             10047446     njsMessages.obj
 0003:00002447       _piecewise_construct       10047447     njsMessages.obj
 0003:00002448       _allocator_arg             10047448     njsIntLob.obj
 0003:00002449       _piecewise_construct       10047449     njsIntLob.obj
 0003:00002450       _dpiGlobalErrorBuffer      10047450     dpiGlobal.obj
 0003:000030d0       _dpiGlobalMutex            100480d0     dpiGlobal.obj
 0003:000030e8       _dpiOciSymbols             100480e8     dpiOci.obj
 0003:000032dc       _dpiOciLibVersionInfo      100482dc     dpiOci.obj
 0004:00000060       $R000000                   1004a060     * linker generated manifest res *

 Exports

  ordinal    name

        1    __register_oracledb_
               exported name: _register_oracledb_
